2025.07.08 19:24:27 dotenv.main          WARNING  python-dotenv could not parse statement starting at line 5
2025.07.08 19:24:27 __main__             INFO     🤖 Starting bot...
2025.07.08 19:24:27 __main__             INFO     🚀 Starting bot initialization...
2025.07.08 19:24:27 __main__             INFO     ✅ Database initialized successfully
2025.07.08 19:24:27 core.spotify_handler INFO     Spotify API connection established.
2025.07.08 19:24:27 __main__             INFO     ✅ Spotify service initialized
2025.07.08 19:24:27 core.webprofile      INFO     Seçilmiş User-Agent: Mozilla/5.0 (Windows NT 10.0; Win64; x64; rv:120.0) Gecko/20100101 Firefox/120.0
2025.07.08 19:24:27 core.youtube_handler INFO     firefox brauzerindən cookies istifadə edilir.
2025.07.08 19:24:27 __main__             INFO     ✅ YouTube services initialized (firefox)
2025.07.08 19:24:27 __main__             INFO     🔌 Loading plugins...
2025.07.08 19:24:27 core.utilities       INFO     🔍 Scanning plugins in: plugins
2025.07.08 19:24:27 core.utilities       INFO     🔄 Loading: plugins.spotify_plugin
2025.07.08 19:24:27 core.utilities       INFO     ✅ Loaded (sync): plugins.spotify_plugin
2025.07.08 19:24:27 core.utilities       INFO     🔄 Loading: plugins.menu_plugin
2025.07.08 19:24:27 plugins.menu_plugin  INFO     ✅ Menu plugin yükləndi
2025.07.08 19:24:27 core.utilities       INFO     ✅ Loaded (async): plugins.menu_plugin
2025.07.08 19:24:27 core.utilities       INFO     🔄 Loading: plugins.sudo_plugin
2025.07.08 19:24:27 core.utilities       INFO     ✅ Loaded (sync): plugins.sudo_plugin
2025.07.08 19:24:27 core.utilities       INFO     🔄 Loading: plugins.youtube_plugin
2025.07.08 19:24:27 core.utilities       INFO     ✅ Loaded (sync): plugins.youtube_plugin
2025.07.08 19:24:27 core.utilities       INFO     🔄 Loading: plugins.neofetch_plugin
2025.07.08 19:24:27 core.utilities       INFO     ✅ Loaded (sync): plugins.neofetch_plugin
2025.07.08 19:24:27 core.utilities       INFO     🔄 Loading: plugins.id_command
2025.07.08 19:24:27 plugins.id_command   INFO     ✅ info_command plugin successfully loaded
2025.07.08 19:24:27 core.utilities       INFO     ✅ Loaded (async): plugins.id_command
2025.07.08 19:24:27 core.utilities       INFO     🔄 Loading: plugins.report_plugin
2025.07.08 19:24:27 core.utilities       INFO     ✅ Loaded (async): plugins.report_plugin
2025.07.08 19:24:27 core.utilities       INFO     🔄 Loading: plugins.del_plugin
2025.07.08 19:24:27 core.utilities       INFO     ✅ Loaded (sync): plugins.del_plugin
2025.07.08 19:24:27 core.utilities       INFO     🔄 Loading: plugins.mutagen
2025.07.08 19:24:27 plugins.mutagen      INFO     ✅ Mutagen plugin yükləndi
2025.07.08 19:24:27 core.utilities       INFO     ✅ Loaded (async): plugins.mutagen
2025.07.08 19:24:27 core.utilities       INFO     🔄 Loading: plugins.music_plugin
2025.07.08 19:24:27 core.utilities       INFO     ✅ Loaded (sync): plugins.music_plugin
2025.07.08 19:24:27 core.utilities       INFO     🔄 Loading: plugins.start_plugin
2025.07.08 19:24:27 plugins.start_plugin INFO     ✅ Start plugin yükləndi
2025.07.08 19:24:27 core.utilities       INFO     ✅ Loaded (async): plugins.start_plugin
2025.07.08 19:24:27 core.utilities       INFO     🔄 Loading: plugins.stats_plugin
2025.07.08 19:24:27 core.utilities       INFO     ✅ Loaded (sync): plugins.stats_plugin
2025.07.08 19:24:27 core.utilities       INFO     🔄 Loading: plugins.dir_plugin
2025.07.08 19:24:27 core.utilities       INFO     ✅ Loaded (sync): plugins.dir_plugin
2025.07.08 19:24:27 core.utilities       INFO     🔄 Loading: plugins.broadcast_plugin
2025.07.08 19:24:27 core.utilities       INFO     ✅ Loaded (sync): plugins.broadcast_plugin
2025.07.08 19:24:27 core.utilities       INFO     🔄 Loading: plugins.speedtest_plugin
2025.07.08 19:24:27 core.utilities       INFO     ✅ Loaded (sync): plugins.speedtest_plugin
2025.07.08 19:24:27 core.utilities       INFO     🔄 Loading: plugins.profile
2025.07.08 19:24:27 plugins.profile      INFO     ✅ Profile plugin loaded
2025.07.08 19:24:27 core.utilities       INFO     ✅ Loaded (async): plugins.profile
2025.07.08 19:24:27 core.utilities       INFO     🔄 Loading: plugins.bot_logs
2025.07.08 19:24:27 plugins.bot_logs     INFO     ✅ Logs plugin loaded
2025.07.08 19:24:27 core.utilities       INFO     ✅ Loaded (async): plugins.bot_logs
2025.07.08 19:24:27 __main__             INFO     🚀 Starting polling...
2025.07.08 19:24:27 aiogram.dispatcher   INFO     Start polling
2025.07.08 19:24:28 aiogram.dispatcher   INFO     Run polling for bot @dllmasterbot id=7599030242 - 'DLLMaster'
2025.07.09 20:42:08 aiogram.dispatcher   ERROR    Failed to fetch updates - TelegramNetworkError: HTTP Client says - ServerDisconnectedError: Server disconnected
2025.07.09 20:42:08 aiogram.dispatcher   WARNING  Sleep for 1.000000 seconds and try again... (tryings = 0, bot id = 7599030242)
2025.07.09 20:42:20 aiogram.dispatcher   INFO     Connection established (tryings = 1, bot id = 7599030242)
2025.07.09 20:49:00 aiogram.dispatcher   ERROR    Failed to fetch updates - TelegramNetworkError: HTTP Client says - ServerDisconnectedError: Server disconnected
2025.07.09 20:49:00 aiogram.dispatcher   WARNING  Sleep for 1.000000 seconds and try again... (tryings = 0, bot id = 7599030242)
2025.07.09 20:49:11 aiogram.dispatcher   INFO     Connection established (tryings = 1, bot id = 7599030242)
2025.07.10 03:26:10 aiogram.dispatcher   ERROR    Failed to fetch updates - TelegramNetworkError: HTTP Client says - ClientOSError: [Errno 104] Connection reset by peer
2025.07.10 03:26:11 aiogram.dispatcher   WARNING  Sleep for 1.000000 seconds and try again... (tryings = 0, bot id = 7599030242)
2025.07.10 03:26:22 aiogram.dispatcher   INFO     Connection established (tryings = 1, bot id = 7599030242)
2025.07.10 14:12:16 aiogram.event        INFO     Update id=708350144 is handled. Duration 1199 ms by bot id=7599030242
2025.07.10 14:12:16 core.spotify_handler INFO     Fetching playlist data: 0VLazPW47Ioj4KUarzxK9e
2025.07.10 14:12:20 core.webprofile      INFO     firefox brauzerindən cookies istifadə edilir.
2025.07.10 14:12:20 core.webprofile      INFO     Seçilmiş User-Agent: Mozilla/5.0 (Linux; Android 14; SM-G998B) AppleWebKit/537.36 (KHTML, like Gecko) Chrome/122.0.0.0 Mobile Safari/537.36
2025.07.10 14:12:33 core.spotify_handler INFO     Added Spotify thumbnail: https://i.scdn.co/image/ab67616d0000b2736a22f24dc3f261206548e15a
2025.07.10 14:12:33 core.spotify_handler INFO     Metadata applied: download/download/Da Rockwilder.m4a
2025.07.10 14:12:35 core.webprofile      INFO     firefox brauzerindən cookies istifadə edilir.
2025.07.10 14:12:35 core.webprofile      INFO     Seçilmiş User-Agent: Mozilla/5.0 (X11; Linux x86_64) AppleWebKit/537.36 (KHTML, like Gecko) Chrome/122.0.0.0 Safari/537.36
2025.07.10 14:12:43 core.spotify_handler INFO     Added Spotify thumbnail: https://i.scdn.co/image/ab67616d0000b273e31f4174cb98fe3d1206b727
2025.07.10 14:12:43 core.spotify_handler INFO     Metadata applied: download/download/Baknaffek.m4a
2025.07.10 14:12:45 core.webprofile      INFO     firefox brauzerindən cookies istifadə edilir.
2025.07.10 14:12:45 core.webprofile      INFO     Seçilmiş User-Agent: Mozilla/5.0 (iPhone; CPU iPhone OS 17_2 like Mac OS X) AppleWebKit/605.1.15 (KHTML, like Gecko) Version/17.2 Mobile/15E148 Safari/604.1
2025.07.10 14:12:52 core.spotify_handler INFO     Added Spotify thumbnail: https://i.scdn.co/image/ab67616d0000b27322b4908dad1d1ace379cb2db
2025.07.10 14:12:52 core.spotify_handler INFO     Metadata applied: download/download/Check It.m4a
2025.07.10 14:12:56 core.webprofile      INFO     firefox brauzerindən cookies istifadə edilir.
2025.07.10 14:12:56 core.webprofile      INFO     Seçilmiş User-Agent: Mozilla/5.0 (Windows NT 10.0; Win64; x64; rv:120.0) Gecko/20100101 Firefox/120.0
2025.07.10 14:13:05 core.spotify_handler INFO     Added Spotify thumbnail: https://i.scdn.co/image/ab67616d0000b2738c7a8e68dc5c20bb72f713f2
2025.07.10 14:13:05 core.spotify_handler INFO     Metadata applied: download/download/Twinz (feat. Fat Joe).m4a
2025.07.10 14:13:07 core.webprofile      INFO     firefox brauzerindən cookies istifadə edilir.
2025.07.10 14:13:07 core.webprofile      INFO     Seçilmiş User-Agent: Mozilla/5.0 (X11; Ubuntu; Linux x86_64; rv:120.0) Gecko/20100101 Firefox/120.0
2025.07.10 14:13:13 core.youtube_handler ERROR    Yükləmə xətası: [0;31mERROR:[0m unable to download video data: HTTP Error 416: Requested range not satisfiable
2025.07.10 14:13:13 plugins.spotify_plugin ERROR    Mahnı yüklənərkən xəta: MUTANT - Yükləmə xətası: [0;31mERROR:[0m unable to download video data: HTTP Error 416: Requested range not satisfiable
2025.07.10 14:13:15 core.webprofile      INFO     firefox brauzerindən cookies istifadə edilir.
2025.07.10 14:13:15 core.webprofile      INFO     Seçilmiş User-Agent: Mozilla/5.0 (iPhone; CPU iPhone OS 17_2 like Mac OS X) AppleWebKit/605.1.15 (KHTML, like Gecko) Version/17.2 Mobile/15E148 Safari/604.1
2025.07.10 14:13:22 core.spotify_handler INFO     Added Spotify thumbnail: https://i.scdn.co/image/ab67616d0000b273045fc920ecf4f8094888ec26
2025.07.10 14:13:22 core.spotify_handler INFO     Metadata applied: download/download/N.Y. State of Mind.m4a
2025.07.10 14:13:24 core.webprofile      INFO     firefox brauzerindən cookies istifadə edilir.
2025.07.10 14:13:24 core.webprofile      INFO     Seçilmiş User-Agent: Mozilla/5.0 (Linux; Android 14; SM-G998B) AppleWebKit/537.36 (KHTML, like Gecko) Chrome/122.0.0.0 Mobile Safari/537.36
2025.07.10 14:13:30 core.spotify_handler INFO     Added Spotify thumbnail: https://i.scdn.co/image/ab67616d0000b2731b9ca5c83247e8938b87489c
2025.07.10 14:13:30 core.spotify_handler INFO     Metadata applied: download/download/Soyuqqanlı Olmaq Üşüdür.m4a
2025.07.10 14:13:32 core.webprofile      INFO     firefox brauzerindən cookies istifadə edilir.
2025.07.10 14:13:32 core.webprofile      INFO     Seçilmiş User-Agent: Mozilla/5.0 (X11; Ubuntu; Linux x86_64; rv:120.0) Gecko/20100101 Firefox/120.0
2025.07.10 14:13:39 core.spotify_handler INFO     Added Spotify thumbnail: https://i.scdn.co/image/ab67616d0000b273a2203fa0656cede30f879b97
2025.07.10 14:13:39 core.spotify_handler INFO     Metadata applied: download/download/Shook Ones, Pt. II.m4a
2025.07.10 14:13:41 core.webprofile      INFO     firefox brauzerindən cookies istifadə edilir.
2025.07.10 14:13:41 core.webprofile      INFO     Seçilmiş User-Agent: Mozilla/5.0 (Windows NT 10.0; Win64; x64) AppleWebKit/537.36 (KHTML, like Gecko) Chrome/122.0.0.0 Safari/537.36
2025.07.10 14:13:49 core.spotify_handler INFO     Added Spotify thumbnail: https://i.scdn.co/image/ab67616d0000b273890f01c8fc373c9944e223a6
2025.07.10 14:13:49 core.spotify_handler INFO     Metadata applied: download/download/Fillərə ithaf.m4a
2025.07.10 14:13:51 core.webprofile      INFO     firefox brauzerindən cookies istifadə edilir.
2025.07.10 14:13:51 core.webprofile      INFO     Seçilmiş User-Agent: Mozilla/5.0 (Linux; Android 14; SM-G998B) AppleWebKit/537.36 (KHTML, like Gecko) Chrome/122.0.0.0 Mobile Safari/537.36
2025.07.10 14:14:00 core.spotify_handler INFO     Added Spotify thumbnail: https://i.scdn.co/image/ab67616d0000b273dde04ab1a3c256602de5b2e7
2025.07.10 14:14:00 core.spotify_handler INFO     Metadata applied: download/download/Suicidal Thoughts - 2005 Remaster.m4a
2025.07.10 14:14:02 core.webprofile      INFO     firefox brauzerindən cookies istifadə edilir.
2025.07.10 14:14:02 core.webprofile      INFO     Seçilmiş User-Agent: Mozilla/5.0 (iPad; CPU OS 17_2 like Mac OS X) AppleWebKit/605.1.15 (KHTML, like Gecko) Version/17.2 Mobile/15E148 Safari/604.1
2025.07.10 14:14:10 plugins.youtube_plugin INFO     User 7570255525 cancelled download
2025.07.10 14:14:10 aiogram.event        INFO     Update id=708350145 is handled. Duration 5403 ms by bot id=7599030242
