2025.04.03 06:55:52 aiogram.event        INFO     Update id=511635473 is handled. Duration 15 ms by bot id=8095621527
2025.04.03 06:55:52 aiogram.event        INFO     Update id=511635474 is handled. Duration 16 ms by bot id=8095621527
2025.04.03 06:55:52 aiogram.event        INFO     Update id=511635475 is handled. Duration 17 ms by bot id=8095621527
2025.04.03 06:55:52 aiogram.event        INFO     Update id=511635476 is handled. Duration 17 ms by bot id=8095621527
2025.04.03 06:55:52 aiogram.event        INFO     Update id=511635477 is handled. Duration 17 ms by bot id=8095621527
2025.04.03 06:55:52 aiogram.event        INFO     Update id=511635478 is handled. Duration 17 ms by bot id=8095621527
2025.04.03 06:55:52 aiogram.event        INFO     Update id=511635479 is handled. Duration 17 ms by bot id=8095621527
2025.04.03 06:55:52 aiogram.event        INFO     Update id=511635480 is handled. Duration 19 ms by bot id=8095621527
2025.04.03 06:55:52 aiogram.event        INFO     Update id=511635481 is handled. Duration 19 ms by bot id=8095621527
2025.04.03 06:55:52 aiogram.event        INFO     Update id=511635482 is handled. Duration 19 ms by bot id=8095621527
2025.04.03 06:55:52 aiogram.event        INFO     Update id=511635483 is handled. Duration 18 ms by bot id=8095621527
2025.04.03 06:55:52 aiogram.event        INFO     Update id=511635484 is handled. Duration 15 ms by bot id=8095621527
2025.04.03 06:55:52 aiogram.event        INFO     Update id=511635485 is handled. Duration 15 ms by bot id=8095621527
2025.04.03 06:56:01 aiogram.event        INFO     Update id=511635486 is handled. Duration 5 ms by bot id=8095621527
2025.04.03 06:56:08 aiogram.event        INFO     Update id=511635487 is handled. Duration 2 ms by bot id=8095621527
2025.04.03 06:56:12 aiogram.event        INFO     Update id=511635488 is handled. Duration 1 ms by bot id=8095621527
2025.04.03 06:56:22 aiogram.event        INFO     Update id=511635489 is handled. Duration 1 ms by bot id=8095621527
2025.04.03 06:56:35 aiogram.event        INFO     Update id=511635490 is handled. Duration 1 ms by bot id=8095621527
2025.04.03 06:56:39 aiogram.event        INFO     Update id=511635491 is handled. Duration 1 ms by bot id=8095621527
2025.04.03 06:56:41 aiogram.event        INFO     Update id=511635492 is handled. Duration 3 ms by bot id=8095621527
2025.04.03 06:56:41 aiogram.event        INFO     Update id=511635493 is handled. Duration 1 ms by bot id=8095621527
2025.04.03 06:56:48 aiogram.event        INFO     Update id=511635494 is handled. Duration 2 ms by bot id=8095621527
2025.04.03 06:56:51 aiogram.event        INFO     Update id=511635495 is handled. Duration 8 ms by bot id=8095621527
2025.04.03 06:56:52 aiogram.event        INFO     Update id=511635496 is handled. Duration 1 ms by bot id=8095621527
2025.04.03 06:56:58 aiogram.event        INFO     Update id=511635497 is handled. Duration 1 ms by bot id=8095621527
2025.04.03 06:57:03 aiogram.event        INFO     Update id=511635498 is handled. Duration 1 ms by bot id=8095621527
2025.04.03 06:57:03 aiogram.event        INFO     Update id=511635499 is not handled. Duration 1 ms by bot id=8095621527
2025.04.03 06:57:09 aiogram.event        INFO     Update id=511635500 is handled. Duration 1 ms by bot id=8095621527
2025.04.03 06:57:16 aiogram.event        INFO     Update id=511635501 is handled. Duration 1 ms by bot id=8095621527
2025.04.03 06:57:17 aiogram.event        INFO     Update id=511635502 is handled. Duration 1 ms by bot id=8095621527
2025.04.03 06:57:24 aiogram.event        INFO     Update id=511635503 is handled. Duration 1 ms by bot id=8095621527
2025.04.03 06:57:35 aiogram.event        INFO     Update id=511635504 is handled. Duration 1 ms by bot id=8095621527
2025.04.03 06:57:38 aiogram.event        INFO     Update id=511635505 is handled. Duration 1 ms by bot id=8095621527
2025.04.03 06:57:40 aiogram.event        INFO     Update id=511635506 is handled. Duration 1 ms by bot id=8095621527
2025.04.03 06:57:41 aiogram.event        INFO     Update id=511635507 is handled. Duration 1 ms by bot id=8095621527
2025.04.03 06:57:42 aiogram.event        INFO     Update id=511635508 is handled. Duration 1 ms by bot id=8095621527
2025.04.03 06:57:43 aiogram.event        INFO     Update id=511635509 is handled. Duration 1 ms by bot id=8095621527
2025.04.03 06:57:52 aiogram.event        INFO     Update id=511635510 is handled. Duration 1 ms by bot id=8095621527
2025.04.03 06:57:55 aiogram.event        INFO     Update id=511635511 is handled. Duration 2 ms by bot id=8095621527
2025.04.03 06:58:05 aiogram.event        INFO     Update id=511635512 is handled. Duration 1 ms by bot id=8095621527
2025.04.03 06:58:09 aiogram.event        INFO     Update id=511635513 is handled. Duration 3 ms by bot id=8095621527
2025.04.03 06:59:03 aiogram.event        INFO     Update id=511635514 is handled. Duration 2 ms by bot id=8095621527
2025.04.03 06:59:11 aiogram.event        INFO     Update id=511635515 is handled. Duration 1 ms by bot id=8095621527
2025.04.03 06:59:24 aiogram.event        INFO     Update id=511635516 is handled. Duration 1 ms by bot id=8095621527
2025.04.03 06:59:32 aiogram.event        INFO     Update id=511635517 is handled. Duration 1 ms by bot id=8095621527
2025.04.03 06:59:36 aiogram.event        INFO     Update id=511635518 is handled. Duration 1 ms by bot id=8095621527
2025.04.03 06:59:40 aiogram.event        INFO     Update id=511635519 is handled. Duration 1 ms by bot id=8095621527
2025.04.03 06:59:47 aiogram.event        INFO     Update id=511635520 is handled. Duration 1 ms by bot id=8095621527
2025.04.03 06:59:47 aiogram.event        INFO     Update id=511635521 is handled. Duration 1 ms by bot id=8095621527
2025.04.03 06:59:52 aiogram.event        INFO     Update id=511635522 is handled. Duration 1 ms by bot id=8095621527
2025.04.03 06:59:55 aiogram.event        INFO     Update id=511635523 is handled. Duration 1 ms by bot id=8095621527
2025.04.03 06:59:59 aiogram.event        INFO     Update id=511635524 is handled. Duration 1 ms by bot id=8095621527
2025.04.03 07:00:02 aiogram.event        INFO     Update id=511635525 is handled. Duration 1 ms by bot id=8095621527
2025.04.03 07:00:04 aiogram.event        INFO     Update id=511635526 is handled. Duration 1 ms by bot id=8095621527
2025.04.03 07:00:05 aiogram.event        INFO     Update id=511635527 is handled. Duration 1 ms by bot id=8095621527
2025.04.03 07:01:18 aiogram.event        INFO     Update id=511635528 is handled. Duration 1 ms by bot id=8095621527
2025.04.03 07:01:34 aiogram.event        INFO     Update id=511635529 is handled. Duration 2 ms by bot id=8095621527
2025.04.03 07:01:38 aiogram.event        INFO     Update id=511635530 is handled. Duration 1 ms by bot id=8095621527
2025.04.03 07:01:40 aiogram.event        INFO     Update id=511635531 is handled. Duration 4 ms by bot id=8095621527
2025.04.03 07:01:40 aiogram.event        INFO     Update id=511635532 is handled. Duration 4 ms by bot id=8095621527
2025.04.03 07:01:40 aiogram.event        INFO     Update id=511635533 is handled. Duration 5 ms by bot id=8095621527
2025.04.03 07:01:40 aiogram.event        INFO     Update id=511635534 is handled. Duration 4 ms by bot id=8095621527
2025.04.03 07:01:40 aiogram.event        INFO     Update id=511635535 is handled. Duration 4 ms by bot id=8095621527
2025.04.03 07:01:42 aiogram.event        INFO     Update id=511635536 is handled. Duration 1 ms by bot id=8095621527
2025.04.03 07:01:55 aiogram.event        INFO     Update id=511635537 is handled. Duration 1 ms by bot id=8095621527
2025.04.03 07:01:57 aiogram.event        INFO     Update id=511635538 is handled. Duration 1 ms by bot id=8095621527
2025.04.03 07:02:05 aiogram.event        INFO     Update id=511635539 is handled. Duration 2 ms by bot id=8095621527
2025.04.03 07:02:09 aiogram.event        INFO     Update id=511635540 is handled. Duration 1 ms by bot id=8095621527
2025.04.03 07:02:19 aiogram.event        INFO     Update id=511635541 is handled. Duration 1 ms by bot id=8095621527
2025.04.03 07:02:19 aiogram.event        INFO     Update id=511635542 is handled. Duration 1 ms by bot id=8095621527
2025.04.03 07:02:28 aiogram.event        INFO     Update id=511635543 is handled. Duration 2 ms by bot id=8095621527
2025.04.03 07:03:07 aiogram.event        INFO     Update id=511635544 is handled. Duration 1 ms by bot id=8095621527
2025.04.03 07:03:16 aiogram.event        INFO     Update id=511635545 is handled. Duration 1 ms by bot id=8095621527
2025.04.03 07:03:23 aiogram.event        INFO     Update id=511635546 is handled. Duration 2 ms by bot id=8095621527
2025.04.03 07:04:14 aiogram.event        INFO     Update id=511635547 is handled. Duration 1 ms by bot id=8095621527
2025.04.03 07:04:16 aiogram.event        INFO     Update id=511635548 is handled. Duration 1 ms by bot id=8095621527
2025.04.03 07:04:50 aiogram.event        INFO     Update id=511635549 is handled. Duration 1 ms by bot id=8095621527
2025.04.03 07:04:57 aiogram.event        INFO     Update id=511635550 is handled. Duration 1 ms by bot id=8095621527
2025.04.03 07:05:08 aiogram.event        INFO     Update id=511635551 is handled. Duration 1 ms by bot id=8095621527
2025.04.03 07:05:14 aiogram.event        INFO     Update id=511635552 is handled. Duration 7 ms by bot id=8095621527
2025.04.03 07:05:14 aiogram.event        INFO     Update id=511635553 is handled. Duration 8 ms by bot id=8095621527
2025.04.03 07:05:14 aiogram.event        INFO     Update id=511635554 is handled. Duration 8 ms by bot id=8095621527
2025.04.03 07:05:14 aiogram.event        INFO     Update id=511635555 is handled. Duration 8 ms by bot id=8095621527
2025.04.03 07:05:14 aiogram.event        INFO     Update id=511635556 is handled. Duration 8 ms by bot id=8095621527
2025.04.03 07:05:14 aiogram.event        INFO     Update id=511635557 is handled. Duration 8 ms by bot id=8095621527
2025.04.03 07:05:14 aiogram.event        INFO     Update id=511635558 is handled. Duration 8 ms by bot id=8095621527
2025.04.03 07:05:14 aiogram.event        INFO     Update id=511635559 is handled. Duration 8 ms by bot id=8095621527
2025.04.03 07:05:14 aiogram.event        INFO     Update id=511635560 is handled. Duration 8 ms by bot id=8095621527
2025.04.03 07:05:14 aiogram.event        INFO     Update id=511635561 is handled. Duration 8 ms by bot id=8095621527
2025.04.03 07:05:14 aiogram.event        INFO     Update id=511635562 is handled. Duration 9 ms by bot id=8095621527
2025.04.03 07:05:14 aiogram.event        INFO     Update id=511635563 is handled. Duration 8 ms by bot id=8095621527
2025.04.03 07:05:14 aiogram.event        INFO     Update id=511635564 is handled. Duration 8 ms by bot id=8095621527
2025.04.03 07:05:14 aiogram.event        INFO     Update id=511635565 is handled. Duration 9 ms by bot id=8095621527
2025.04.03 07:05:23 core.webprofile      INFO     firefox brauzerindən cookies istifadə edilir.
2025.04.03 07:05:23 core.webprofile      INFO     Seçilmiş User-Agent: Mozilla/5.0 (Windows NT 10.0; Win64; x64) AppleWebKit/537.36 (KHTML, like Gecko) Chrome/122.0.0.0 Safari/537.36
2025.04.03 07:05:25 aiogram.event        INFO     Update id=511635566 is handled. Duration 2388 ms by bot id=8095621527
2025.04.03 07:05:30 aiogram.event        INFO     Update id=511635567 is handled. Duration 3 ms by bot id=8095621527
2025.04.03 07:05:32 core.webprofile      INFO     firefox brauzerindən cookies istifadə edilir.
2025.04.03 07:05:32 core.webprofile      INFO     Seçilmiş User-Agent: Mozilla/5.0 (iPad; CPU OS 17_2 like Mac OS X) AppleWebKit/605.1.15 (KHTML, like Gecko) Version/17.2 Mobile/15E148 Safari/604.1
2025.04.03 07:05:35 aiogram.event        INFO     Update id=511635569 is handled. Duration 1 ms by bot id=8095621527
2025.04.03 07:05:36 aiogram.event        INFO     Update id=511635568 is handled. Duration 4075 ms by bot id=8095621527
2025.04.03 07:05:59 aiogram.event        INFO     Update id=511635570 is handled. Duration 1 ms by bot id=8095621527
2025.04.03 07:06:01 aiogram.event        INFO     Update id=511635571 is handled. Duration 1 ms by bot id=8095621527
2025.04.03 07:06:15 aiogram.event        INFO     Update id=511635572 is handled. Duration 1 ms by bot id=8095621527
2025.04.03 07:06:18 aiogram.event        INFO     Update id=511635573 is handled. Duration 3 ms by bot id=8095621527
2025.04.03 07:06:19 aiogram.event        INFO     Update id=511635574 is handled. Duration 1 ms by bot id=8095621527
2025.04.03 07:06:20 aiogram.event        INFO     Update id=511635575 is handled. Duration 3 ms by bot id=8095621527
2025.04.03 07:06:32 aiogram.event        INFO     Update id=511635576 is handled. Duration 1 ms by bot id=8095621527
2025.04.03 07:06:41 aiogram.event        INFO     Update id=511635577 is handled. Duration 1 ms by bot id=8095621527
2025.04.03 07:06:57 aiogram.event        INFO     Update id=511635578 is handled. Duration 1 ms by bot id=8095621527
2025.04.03 07:07:46 aiogram.event        INFO     Update id=511635579 is handled. Duration 1 ms by bot id=8095621527
2025.04.03 07:08:00 aiogram.event        INFO     Update id=511635580 is handled. Duration 1 ms by bot id=8095621527
2025.04.03 07:08:45 aiogram.event        INFO     Update id=511635581 is handled. Duration 2 ms by bot id=8095621527
2025.04.03 07:15:55 aiogram.event        INFO     Update id=511635582 is handled. Duration 1 ms by bot id=8095621527
2025.04.03 07:16:32 aiogram.event        INFO     Update id=511635583 is not handled. Duration 0 ms by bot id=8095621527
2025.04.03 07:16:45 aiogram.event        INFO     Update id=511635584 is handled. Duration 1 ms by bot id=8095621527
2025.04.03 07:16:49 aiogram.event        INFO     Update id=511635585 is handled. Duration 1 ms by bot id=8095621527
2025.04.03 07:17:00 aiogram.event        INFO     Update id=511635586 is handled. Duration 1 ms by bot id=8095621527
2025.04.03 07:17:29 aiogram.event        INFO     Update id=511635587 is handled. Duration 1 ms by bot id=8095621527
2025.04.03 07:17:42 aiogram.event        INFO     Update id=511635588 is handled. Duration 2 ms by bot id=8095621527
2025.04.03 07:18:29 aiogram.event        INFO     Update id=511635589 is handled. Duration 1 ms by bot id=8095621527
2025.04.03 07:18:34 aiogram.event        INFO     Update id=511635590 is handled. Duration 1 ms by bot id=8095621527
2025.04.03 07:18:35 aiogram.event        INFO     Update id=511635591 is handled. Duration 1 ms by bot id=8095621527
2025.04.03 07:18:44 aiogram.event        INFO     Update id=511635592 is handled. Duration 1 ms by bot id=8095621527
2025.04.03 07:18:48 aiogram.event        INFO     Update id=511635593 is handled. Duration 1 ms by bot id=8095621527
2025.04.03 07:18:59 aiogram.event        INFO     Update id=511635594 is handled. Duration 2 ms by bot id=8095621527
2025.04.03 07:18:59 aiogram.event        INFO     Update id=511635595 is handled. Duration 1 ms by bot id=8095621527
2025.04.03 07:19:07 aiogram.event        INFO     Update id=511635596 is handled. Duration 1 ms by bot id=8095621527
2025.04.03 07:19:17 aiogram.event        INFO     Update id=511635597 is handled. Duration 1 ms by bot id=8095621527
2025.04.03 07:19:17 aiogram.event        INFO     Update id=511635598 is handled. Duration 2 ms by bot id=8095621527
2025.04.03 07:19:23 aiogram.event        INFO     Update id=511635599 is handled. Duration 1 ms by bot id=8095621527
2025.04.03 07:19:32 aiogram.event        INFO     Update id=511635600 is handled. Duration 2 ms by bot id=8095621527
2025.04.03 07:19:34 aiogram.event        INFO     Update id=511635601 is handled. Duration 1 ms by bot id=8095621527
2025.04.03 07:19:35 aiogram.event        INFO     Update id=511635602 is handled. Duration 1 ms by bot id=8095621527
2025.04.03 07:19:43 aiogram.event        INFO     Update id=511635603 is handled. Duration 1 ms by bot id=8095621527
2025.04.03 07:19:43 aiogram.event        INFO     Update id=511635604 is handled. Duration 2 ms by bot id=8095621527
2025.04.03 07:19:50 aiogram.event        INFO     Update id=511635605 is handled. Duration 1 ms by bot id=8095621527
2025.04.03 07:19:51 aiogram.event        INFO     Update id=511635606 is handled. Duration 1 ms by bot id=8095621527
2025.04.03 07:19:59 aiogram.event        INFO     Update id=511635608 is handled. Duration 1 ms by bot id=8095621527
2025.04.03 07:20:00 aiogram.event        INFO     Update id=511635609 is handled. Duration 2 ms by bot id=8095621527
2025.04.03 07:20:07 aiogram.event        INFO     Update id=511635610 is handled. Duration 3 ms by bot id=8095621527
2025.04.03 07:20:09 aiogram.event        INFO     Update id=511635611 is handled. Duration 1 ms by bot id=8095621527
2025.04.03 07:20:15 aiogram.event        INFO     Update id=511635612 is handled. Duration 1 ms by bot id=8095621527
2025.04.03 07:20:15 aiogram.event        INFO     Update id=511635607 is handled. Duration 20175 ms by bot id=8095621527
2025.04.03 07:20:15 aiogram.event        INFO     Update id=511635613 is handled. Duration 1 ms by bot id=8095621527
2025.04.03 07:20:17 aiogram.event        INFO     Update id=511635614 is handled. Duration 1 ms by bot id=8095621527
2025.04.03 07:20:21 aiogram.event        INFO     Update id=511635615 is handled. Duration 1 ms by bot id=8095621527
2025.04.03 07:20:24 aiogram.event        INFO     Update id=511635616 is handled. Duration 4 ms by bot id=8095621527
2025.04.03 07:20:24 aiogram.event        INFO     Update id=511635617 is handled. Duration 2 ms by bot id=8095621527
2025.04.03 07:20:25 aiogram.event        INFO     Update id=511635618 is handled. Duration 2 ms by bot id=8095621527
2025.04.03 07:20:25 aiogram.event        INFO     Update id=511635619 is handled. Duration 1 ms by bot id=8095621527
2025.04.03 07:20:30 aiogram.event        INFO     Update id=511635620 is handled. Duration 1 ms by bot id=8095621527
2025.04.03 07:20:32 aiogram.event        INFO     Update id=511635621 is handled. Duration 1 ms by bot id=8095621527
2025.04.03 07:20:35 aiogram.event        INFO     Update id=511635622 is handled. Duration 1 ms by bot id=8095621527
2025.04.03 07:20:37 aiogram.event        INFO     Update id=511635623 is handled. Duration 2 ms by bot id=8095621527
2025.04.03 07:20:47 aiogram.event        INFO     Update id=511635624 is handled. Duration 1 ms by bot id=8095621527
2025.04.03 07:20:49 aiogram.event        INFO     Update id=511635625 is handled. Duration 1 ms by bot id=8095621527
2025.04.03 07:20:59 aiogram.event        INFO     Update id=511635626 is handled. Duration 1 ms by bot id=8095621527
2025.04.03 07:21:00 aiogram.event        INFO     Update id=511635627 is handled. Duration 1 ms by bot id=8095621527
2025.04.03 07:21:00 aiogram.event        INFO     Update id=511635628 is handled. Duration 1 ms by bot id=8095621527
2025.04.03 07:21:05 aiogram.event        INFO     Update id=511635629 is handled. Duration 1 ms by bot id=8095621527
2025.04.03 07:21:06 aiogram.event        INFO     Update id=511635630 is handled. Duration 1 ms by bot id=8095621527
2025.04.03 07:21:13 aiogram.event        INFO     Update id=511635631 is handled. Duration 1 ms by bot id=8095621527
2025.04.03 07:21:17 aiogram.event        INFO     Update id=511635632 is handled. Duration 1 ms by bot id=8095621527
2025.04.03 07:21:18 aiogram.event        INFO     Update id=511635633 is handled. Duration 1 ms by bot id=8095621527
2025.04.03 07:21:21 aiogram.event        INFO     Update id=511635634 is handled. Duration 1 ms by bot id=8095621527
2025.04.03 07:21:21 aiogram.event        INFO     Update id=511635635 is handled. Duration 1 ms by bot id=8095621527
2025.04.03 07:21:34 aiogram.event        INFO     Update id=511635636 is handled. Duration 1 ms by bot id=8095621527
2025.04.03 07:21:37 aiogram.event        INFO     Update id=511635637 is handled. Duration 2 ms by bot id=8095621527
2025.04.03 07:21:43 aiogram.event        INFO     Update id=511635638 is handled. Duration 1 ms by bot id=8095621527
2025.04.03 07:21:46 aiogram.event        INFO     Update id=511635639 is handled. Duration 1 ms by bot id=8095621527
2025.04.03 07:21:49 aiogram.event        INFO     Update id=511635640 is handled. Duration 1 ms by bot id=8095621527
2025.04.03 07:21:49 aiogram.event        INFO     Update id=511635641 is handled. Duration 1 ms by bot id=8095621527
2025.04.03 07:21:57 aiogram.event        INFO     Update id=511635642 is handled. Duration 1 ms by bot id=8095621527
2025.04.03 07:22:05 aiogram.event        INFO     Update id=511635643 is handled. Duration 1 ms by bot id=8095621527
2025.04.03 07:22:06 aiogram.event        INFO     Update id=511635644 is handled. Duration 1 ms by bot id=8095621527
2025.04.03 07:22:10 aiogram.event        INFO     Update id=511635645 is handled. Duration 1 ms by bot id=8095621527
2025.04.03 07:22:10 aiogram.event        INFO     Update id=511635646 is handled. Duration 1 ms by bot id=8095621527
2025.04.03 07:22:18 aiogram.event        INFO     Update id=511635647 is handled. Duration 2 ms by bot id=8095621527
2025.04.03 07:22:18 aiogram.event        INFO     Update id=511635648 is handled. Duration 3 ms by bot id=8095621527
2025.04.03 07:22:20 aiogram.event        INFO     Update id=511635649 is handled. Duration 1 ms by bot id=8095621527
2025.04.03 07:22:24 aiogram.event        INFO     Update id=511635650 is handled. Duration 1 ms by bot id=8095621527
2025.04.03 07:22:41 aiogram.event        INFO     Update id=511635651 is handled. Duration 1 ms by bot id=8095621527
2025.04.03 07:22:43 aiogram.event        INFO     Update id=511635652 is handled. Duration 1 ms by bot id=8095621527
2025.04.03 07:22:45 aiogram.event        INFO     Update id=511635653 is handled. Duration 1 ms by bot id=8095621527
2025.04.03 07:22:49 aiogram.event        INFO     Update id=511635654 is handled. Duration 1 ms by bot id=8095621527
2025.04.03 07:22:53 aiogram.event        INFO     Update id=511635655 is handled. Duration 1 ms by bot id=8095621527
2025.04.03 07:22:57 aiogram.event        INFO     Update id=511635656 is handled. Duration 1 ms by bot id=8095621527
2025.04.03 07:22:58 aiogram.event        INFO     Update id=511635657 is handled. Duration 1 ms by bot id=8095621527
2025.04.03 07:22:59 aiogram.event        INFO     Update id=511635658 is handled. Duration 2 ms by bot id=8095621527
2025.04.03 07:23:01 aiogram.event        INFO     Update id=511635659 is handled. Duration 1 ms by bot id=8095621527
2025.04.03 07:23:11 aiogram.event        INFO     Update id=511635660 is handled. Duration 1 ms by bot id=8095621527
2025.04.03 07:23:14 aiogram.event        INFO     Update id=511635661 is handled. Duration 1 ms by bot id=8095621527
2025.04.03 07:23:19 aiogram.event        INFO     Update id=511635662 is handled. Duration 1 ms by bot id=8095621527
2025.04.03 07:23:27 aiogram.event        INFO     Update id=511635663 is handled. Duration 1 ms by bot id=8095621527
2025.04.03 07:23:29 aiogram.event        INFO     Update id=511635664 is handled. Duration 1 ms by bot id=8095621527
2025.04.03 07:23:30 aiogram.event        INFO     Update id=511635665 is handled. Duration 1 ms by bot id=8095621527
2025.04.03 07:23:33 aiogram.event        INFO     Update id=511635666 is handled. Duration 1 ms by bot id=8095621527
2025.04.03 07:23:39 aiogram.event        INFO     Update id=511635667 is handled. Duration 1 ms by bot id=8095621527
2025.04.03 07:23:42 aiogram.event        INFO     Update id=511635668 is handled. Duration 1 ms by bot id=8095621527
2025.04.03 07:23:52 aiogram.event        INFO     Update id=511635669 is handled. Duration 1 ms by bot id=8095621527
2025.04.03 07:23:55 aiogram.event        INFO     Update id=511635670 is handled. Duration 1 ms by bot id=8095621527
2025.04.03 07:24:19 aiogram.event        INFO     Update id=511635671 is handled. Duration 1 ms by bot id=8095621527
2025.04.03 07:24:23 aiogram.event        INFO     Update id=511635672 is not handled. Duration 1 ms by bot id=8095621527
2025.04.03 07:24:40 aiogram.event        INFO     Update id=511635673 is handled. Duration 2 ms by bot id=8095621527
2025.04.03 07:24:46 aiogram.event        INFO     Update id=511635674 is handled. Duration 1 ms by bot id=8095621527
2025.04.03 07:24:50 aiogram.event        INFO     Update id=511635675 is handled. Duration 7 ms by bot id=8095621527
2025.04.03 07:25:04 aiogram.event        INFO     Update id=511635676 is handled. Duration 1 ms by bot id=8095621527
2025.04.03 07:25:08 aiogram.event        INFO     Update id=511635677 is handled. Duration 1 ms by bot id=8095621527
2025.04.03 07:25:54 aiogram.event        INFO     Update id=511635678 is not handled. Duration 1 ms by bot id=8095621527
2025.04.03 07:26:05 aiogram.event        INFO     Update id=511635679 is handled. Duration 1 ms by bot id=8095621527
2025.04.03 07:26:10 aiogram.event        INFO     Update id=511635680 is handled. Duration 1 ms by bot id=8095621527
2025.04.03 07:26:13 aiogram.event        INFO     Update id=511635681 is handled. Duration 4 ms by bot id=8095621527
2025.04.03 07:26:22 aiogram.event        INFO     Update id=511635682 is handled. Duration 2 ms by bot id=8095621527
2025.04.03 07:26:23 aiogram.event        INFO     Update id=511635683 is handled. Duration 2 ms by bot id=8095621527
2025.04.03 07:26:27 aiogram.event        INFO     Update id=511635684 is handled. Duration 1 ms by bot id=8095621527
2025.04.03 07:26:29 aiogram.event        INFO     Update id=511635685 is handled. Duration 1 ms by bot id=8095621527
2025.04.03 07:26:36 aiogram.event        INFO     Update id=511635686 is handled. Duration 1 ms by bot id=8095621527
2025.04.03 07:26:42 aiogram.event        INFO     Update id=511635687 is handled. Duration 1 ms by bot id=8095621527
2025.04.03 07:26:46 aiogram.event        INFO     Update id=511635688 is handled. Duration 1 ms by bot id=8095621527
2025.04.03 07:26:48 aiogram.event        INFO     Update id=511635689 is handled. Duration 1 ms by bot id=8095621527
2025.04.03 07:26:55 aiogram.event        INFO     Update id=511635690 is handled. Duration 1 ms by bot id=8095621527
2025.04.03 07:27:02 aiogram.event        INFO     Update id=511635691 is handled. Duration 1 ms by bot id=8095621527
2025.04.03 07:27:12 aiogram.event        INFO     Update id=511635692 is handled. Duration 1 ms by bot id=8095621527
2025.04.03 07:27:14 aiogram.event        INFO     Update id=511635693 is handled. Duration 1 ms by bot id=8095621527
2025.04.03 07:27:23 aiogram.event        INFO     Update id=511635694 is handled. Duration 1 ms by bot id=8095621527
2025.04.03 07:27:23 aiogram.event        INFO     Update id=511635695 is handled. Duration 1 ms by bot id=8095621527
2025.04.03 07:27:30 aiogram.event        INFO     Update id=511635696 is handled. Duration 1 ms by bot id=8095621527
2025.04.03 07:27:32 aiogram.event        INFO     Update id=511635697 is handled. Duration 3 ms by bot id=8095621527
2025.04.03 07:27:42 aiogram.event        INFO     Update id=511635698 is handled. Duration 2 ms by bot id=8095621527
2025.04.03 07:27:51 aiogram.event        INFO     Update id=511635699 is handled. Duration 2 ms by bot id=8095621527
2025.04.03 07:27:54 aiogram.event        INFO     Update id=511635700 is handled. Duration 1 ms by bot id=8095621527
2025.04.03 07:27:55 aiogram.event        INFO     Update id=511635701 is handled. Duration 2 ms by bot id=8095621527
2025.04.03 07:28:07 aiogram.event        INFO     Update id=511635702 is handled. Duration 1 ms by bot id=8095621527
2025.04.03 07:28:11 aiogram.event        INFO     Update id=511635703 is not handled. Duration 3 ms by bot id=8095621527
2025.04.03 07:29:05 aiogram.event        INFO     Update id=511635704 is handled. Duration 1 ms by bot id=8095621527
2025.04.03 07:29:31 aiogram.event        INFO     Update id=511635705 is handled. Duration 1 ms by bot id=8095621527
2025.04.03 07:31:01 aiogram.event        INFO     Update id=511635706 is handled. Duration 1 ms by bot id=8095621527
2025.04.03 07:31:13 aiogram.event        INFO     Update id=511635707 is handled. Duration 1 ms by bot id=8095621527
2025.04.03 07:31:21 aiogram.event        INFO     Update id=511635708 is handled. Duration 1 ms by bot id=8095621527
2025.04.03 07:31:33 aiogram.event        INFO     Update id=511635709 is handled. Duration 1 ms by bot id=8095621527
2025.04.03 07:31:53 aiogram.event        INFO     Update id=511635710 is handled. Duration 1 ms by bot id=8095621527
2025.04.03 07:32:10 aiogram.event        INFO     Update id=511635711 is not handled. Duration 0 ms by bot id=8095621527
2025.04.03 07:32:11 aiogram.event        INFO     Update id=511635712 is handled. Duration 1 ms by bot id=8095621527
2025.04.03 07:32:16 aiogram.dispatcher   WARNING  Received SIGINT signal
2025.04.03 07:32:16 aiogram.dispatcher   INFO     Polling stopped for bot @dllmasterbot id=8095621527 - 'DLLMaster for Music'
2025.04.03 07:32:16 aiogram.dispatcher   INFO     Polling stopped
2025.04.03 07:32:17 __main__             INFO     🛑 Polling stopped
2025.04.03 07:32:17 __main__             INFO     🔴 Bot stopped
