2025.04.24 06:49:56 dotenv.main          WARNING  python-dotenv could not parse statement starting at line 5
2025.04.24 06:49:56 __main__             INFO     🤖 Starting bot...
2025.04.24 06:49:56 __main__             INFO     🚀 Starting bot initialization...
2025.04.24 06:49:56 __main__             INFO     ✅ Database initialized successfully
2025.04.24 06:49:56 core.spotify_handler INFO     Spotify API connection established.
2025.04.24 06:49:56 __main__             INFO     ✅ Spotify service initialized
2025.04.24 06:49:56 core.webprofile      INFO     Seçilmiş User-Agent: Mozilla/5.0 (iPad; CPU OS 17_2 like Mac OS X) AppleWebKit/605.1.15 (KHTML, like Gecko) Version/17.2 Mobile/15E148 Safari/604.1
2025.04.24 06:49:56 core.youtube_handler INFO     firefox brauzerindən cookies istifadə edilir.
2025.04.24 06:49:56 __main__             INFO     ✅ YouTube services initialized (firefox)
2025.04.24 06:49:56 __main__             INFO     🔌 Loading plugins...
2025.04.24 06:49:56 core.utilities       INFO     🔍 Scanning plugins in: plugins
2025.04.24 06:49:56 core.utilities       INFO     🔄 Loading: plugins.spotify_plugin
2025.04.24 06:49:56 core.utilities       ERROR    ❌ Failed to load plugins.spotify_plugin: name 'importlib' is not defined
Traceback (most recent call last):
  File "/home/admin/DLMaster/core/utilities.py", line 70, in load_plugins
    module = importlib.import_module(module_name)
             ^^^^^^^^^
NameError: name 'importlib' is not defined
2025.04.24 06:49:56 core.utilities       INFO     🔄 Loading: plugins.menu_plugin
2025.04.24 06:49:56 core.utilities       ERROR    ❌ Failed to load plugins.menu_plugin: name 'importlib' is not defined
Traceback (most recent call last):
  File "/home/admin/DLMaster/core/utilities.py", line 70, in load_plugins
    module = importlib.import_module(module_name)
             ^^^^^^^^^
NameError: name 'importlib' is not defined
2025.04.24 06:49:56 core.utilities       INFO     🔄 Loading: plugins.sudo_plugin
2025.04.24 06:49:56 core.utilities       ERROR    ❌ Failed to load plugins.sudo_plugin: name 'importlib' is not defined
Traceback (most recent call last):
  File "/home/admin/DLMaster/core/utilities.py", line 70, in load_plugins
    module = importlib.import_module(module_name)
             ^^^^^^^^^
NameError: name 'importlib' is not defined
2025.04.24 06:49:56 core.utilities       INFO     🔄 Loading: plugins.youtube_plugin
2025.04.24 06:49:56 core.utilities       ERROR    ❌ Failed to load plugins.youtube_plugin: name 'importlib' is not defined
Traceback (most recent call last):
  File "/home/admin/DLMaster/core/utilities.py", line 70, in load_plugins
    module = importlib.import_module(module_name)
             ^^^^^^^^^
NameError: name 'importlib' is not defined
2025.04.24 06:49:56 core.utilities       INFO     🔄 Loading: plugins.neofetch_plugin
2025.04.24 06:49:56 core.utilities       ERROR    ❌ Failed to load plugins.neofetch_plugin: name 'importlib' is not defined
Traceback (most recent call last):
  File "/home/admin/DLMaster/core/utilities.py", line 70, in load_plugins
    module = importlib.import_module(module_name)
             ^^^^^^^^^
NameError: name 'importlib' is not defined
2025.04.24 06:49:56 core.utilities       INFO     🔄 Loading: plugins.id_command
2025.04.24 06:49:56 core.utilities       ERROR    ❌ Failed to load plugins.id_command: name 'importlib' is not defined
Traceback (most recent call last):
  File "/home/admin/DLMaster/core/utilities.py", line 70, in load_plugins
    module = importlib.import_module(module_name)
             ^^^^^^^^^
NameError: name 'importlib' is not defined
2025.04.24 06:49:56 core.utilities       INFO     🔄 Loading: plugins.report_plugin
2025.04.24 06:49:56 core.utilities       ERROR    ❌ Failed to load plugins.report_plugin: name 'importlib' is not defined
Traceback (most recent call last):
  File "/home/admin/DLMaster/core/utilities.py", line 70, in load_plugins
    module = importlib.import_module(module_name)
             ^^^^^^^^^
NameError: name 'importlib' is not defined
2025.04.24 06:49:56 core.utilities       INFO     🔄 Loading: plugins.del_plugin
2025.04.24 06:49:56 core.utilities       ERROR    ❌ Failed to load plugins.del_plugin: name 'importlib' is not defined
Traceback (most recent call last):
  File "/home/admin/DLMaster/core/utilities.py", line 70, in load_plugins
    module = importlib.import_module(module_name)
             ^^^^^^^^^
NameError: name 'importlib' is not defined
2025.04.24 06:49:56 core.utilities       INFO     🔄 Loading: plugins.mutagen
2025.04.24 06:49:56 core.utilities       ERROR    ❌ Failed to load plugins.mutagen: name 'importlib' is not defined
Traceback (most recent call last):
  File "/home/admin/DLMaster/core/utilities.py", line 70, in load_plugins
    module = importlib.import_module(module_name)
             ^^^^^^^^^
NameError: name 'importlib' is not defined
2025.04.24 06:49:56 core.utilities       INFO     🔄 Loading: plugins.music_plugin
2025.04.24 06:49:56 core.utilities       ERROR    ❌ Failed to load plugins.music_plugin: name 'importlib' is not defined
Traceback (most recent call last):
  File "/home/admin/DLMaster/core/utilities.py", line 70, in load_plugins
    module = importlib.import_module(module_name)
             ^^^^^^^^^
NameError: name 'importlib' is not defined
2025.04.24 06:49:56 core.utilities       INFO     🔄 Loading: plugins.start_plugin
2025.04.24 06:49:56 core.utilities       ERROR    ❌ Failed to load plugins.start_plugin: name 'importlib' is not defined
Traceback (most recent call last):
  File "/home/admin/DLMaster/core/utilities.py", line 70, in load_plugins
    module = importlib.import_module(module_name)
             ^^^^^^^^^
NameError: name 'importlib' is not defined
2025.04.24 06:49:56 core.utilities       INFO     🔄 Loading: plugins.stats_plugin
2025.04.24 06:49:56 core.utilities       ERROR    ❌ Failed to load plugins.stats_plugin: name 'importlib' is not defined
Traceback (most recent call last):
  File "/home/admin/DLMaster/core/utilities.py", line 70, in load_plugins
    module = importlib.import_module(module_name)
             ^^^^^^^^^
NameError: name 'importlib' is not defined
2025.04.24 06:49:56 core.utilities       INFO     🔄 Loading: plugins.dir_plugin
2025.04.24 06:49:56 core.utilities       ERROR    ❌ Failed to load plugins.dir_plugin: name 'importlib' is not defined
Traceback (most recent call last):
  File "/home/admin/DLMaster/core/utilities.py", line 70, in load_plugins
    module = importlib.import_module(module_name)
             ^^^^^^^^^
NameError: name 'importlib' is not defined
2025.04.24 06:49:56 core.utilities       INFO     🔄 Loading: plugins.broadcast_plugin
2025.04.24 06:49:56 core.utilities       ERROR    ❌ Failed to load plugins.broadcast_plugin: name 'importlib' is not defined
Traceback (most recent call last):
  File "/home/admin/DLMaster/core/utilities.py", line 70, in load_plugins
    module = importlib.import_module(module_name)
             ^^^^^^^^^
NameError: name 'importlib' is not defined
2025.04.24 06:49:56 core.utilities       INFO     🔄 Loading: plugins.speedtest_plugin
2025.04.24 06:49:56 core.utilities       ERROR    ❌ Failed to load plugins.speedtest_plugin: name 'importlib' is not defined
Traceback (most recent call last):
  File "/home/admin/DLMaster/core/utilities.py", line 70, in load_plugins
    module = importlib.import_module(module_name)
             ^^^^^^^^^
NameError: name 'importlib' is not defined
2025.04.24 06:49:56 core.utilities       INFO     🔄 Loading: plugins.profile
2025.04.24 06:49:56 core.utilities       ERROR    ❌ Failed to load plugins.profile: name 'importlib' is not defined
Traceback (most recent call last):
  File "/home/admin/DLMaster/core/utilities.py", line 70, in load_plugins
    module = importlib.import_module(module_name)
             ^^^^^^^^^
NameError: name 'importlib' is not defined
2025.04.24 06:49:56 core.utilities       INFO     🔄 Loading: plugins.bot_logs
2025.04.24 06:49:56 core.utilities       ERROR    ❌ Failed to load plugins.bot_logs: name 'importlib' is not defined
Traceback (most recent call last):
  File "/home/admin/DLMaster/core/utilities.py", line 70, in load_plugins
    module = importlib.import_module(module_name)
             ^^^^^^^^^
NameError: name 'importlib' is not defined
2025.04.24 06:49:56 __main__             INFO     🚀 Starting polling...
2025.04.24 06:49:56 aiogram.dispatcher   INFO     Start polling
2025.04.24 06:49:56 aiogram.dispatcher   INFO     Run polling for bot @dllmasterbot id=8095621527 - 'DLLMaster 🍊'
2025.04.24 06:50:36 aiogram.dispatcher   WARNING  Received SIGINT signal
2025.04.24 06:50:36 aiogram.dispatcher   INFO     Polling stopped for bot @dllmasterbot id=8095621527 - 'DLLMaster 🍊'
2025.04.24 06:50:36 aiogram.dispatcher   INFO     Polling stopped
2025.04.24 06:50:36 __main__             INFO     🛑 Polling stopped
2025.04.24 06:50:36 __main__             INFO     🔴 Bot stopped
2025.04.24 06:50:41 dotenv.main          WARNING  python-dotenv could not parse statement starting at line 5
2025.04.24 06:50:41 __main__             INFO     🤖 Starting bot...
2025.04.24 06:50:41 __main__             INFO     🚀 Starting bot initialization...
2025.04.24 06:50:41 __main__             INFO     ✅ Database initialized successfully
2025.04.24 06:50:41 core.spotify_handler INFO     Spotify API connection established.
2025.04.24 06:50:41 __main__             INFO     ✅ Spotify service initialized
2025.04.24 06:50:41 core.webprofile      INFO     Seçilmiş User-Agent: Mozilla/5.0 (Windows NT 10.0; Win64; x64) AppleWebKit/537.36 (KHTML, like Gecko) Chrome/122.0.0.0 Safari/537.36
2025.04.24 06:50:41 core.youtube_handler INFO     firefox brauzerindən cookies istifadə edilir.
2025.04.24 06:50:41 __main__             INFO     ✅ YouTube services initialized (firefox)
2025.04.24 06:50:41 __main__             INFO     🔌 Loading plugins...
2025.04.24 06:50:41 core.utilities       INFO     🔍 Scanning plugins in: plugins
2025.04.24 06:50:41 core.utilities       INFO     🔄 Loading: plugins.spotify_plugin
2025.04.24 06:50:41 core.utilities       ERROR    ❌ Failed to load plugins.spotify_plugin: name 'asyncio' is not defined
Traceback (most recent call last):
  File "/home/admin/DLMaster/core/utilities.py", line 73, in load_plugins
    if asyncio.iscoroutinefunction(module.setup):
       ^^^^^^^
NameError: name 'asyncio' is not defined
2025.04.24 06:50:41 core.utilities       INFO     🔄 Loading: plugins.menu_plugin
2025.04.24 06:50:41 core.utilities       ERROR    ❌ Failed to load plugins.menu_plugin: name 'asyncio' is not defined
Traceback (most recent call last):
  File "/home/admin/DLMaster/core/utilities.py", line 73, in load_plugins
    if asyncio.iscoroutinefunction(module.setup):
       ^^^^^^^
NameError: name 'asyncio' is not defined
2025.04.24 06:50:41 core.utilities       INFO     🔄 Loading: plugins.sudo_plugin
2025.04.24 06:50:41 core.utilities       ERROR    ❌ Failed to load plugins.sudo_plugin: name 'asyncio' is not defined
Traceback (most recent call last):
  File "/home/admin/DLMaster/core/utilities.py", line 73, in load_plugins
    if asyncio.iscoroutinefunction(module.setup):
       ^^^^^^^
NameError: name 'asyncio' is not defined
2025.04.24 06:50:41 core.utilities       INFO     🔄 Loading: plugins.youtube_plugin
2025.04.24 06:50:41 core.utilities       ERROR    ❌ Failed to load plugins.youtube_plugin: name 'asyncio' is not defined
Traceback (most recent call last):
  File "/home/admin/DLMaster/core/utilities.py", line 73, in load_plugins
    if asyncio.iscoroutinefunction(module.setup):
       ^^^^^^^
NameError: name 'asyncio' is not defined
2025.04.24 06:50:41 core.utilities       INFO     🔄 Loading: plugins.neofetch_plugin
2025.04.24 06:50:41 core.utilities       ERROR    ❌ Failed to load plugins.neofetch_plugin: name 'asyncio' is not defined
Traceback (most recent call last):
  File "/home/admin/DLMaster/core/utilities.py", line 73, in load_plugins
    if asyncio.iscoroutinefunction(module.setup):
       ^^^^^^^
NameError: name 'asyncio' is not defined
2025.04.24 06:50:41 core.utilities       INFO     🔄 Loading: plugins.id_command
2025.04.24 06:50:41 core.utilities       ERROR    ❌ Failed to load plugins.id_command: name 'asyncio' is not defined
Traceback (most recent call last):
  File "/home/admin/DLMaster/core/utilities.py", line 73, in load_plugins
    if asyncio.iscoroutinefunction(module.setup):
       ^^^^^^^
NameError: name 'asyncio' is not defined
2025.04.24 06:50:41 core.utilities       INFO     🔄 Loading: plugins.report_plugin
2025.04.24 06:50:41 core.utilities       ERROR    ❌ Failed to load plugins.report_plugin: name 'asyncio' is not defined
Traceback (most recent call last):
  File "/home/admin/DLMaster/core/utilities.py", line 73, in load_plugins
    if asyncio.iscoroutinefunction(module.setup):
       ^^^^^^^
NameError: name 'asyncio' is not defined
2025.04.24 06:50:41 core.utilities       INFO     🔄 Loading: plugins.del_plugin
2025.04.24 06:50:41 core.utilities       ERROR    ❌ Failed to load plugins.del_plugin: name 'asyncio' is not defined
Traceback (most recent call last):
  File "/home/admin/DLMaster/core/utilities.py", line 73, in load_plugins
    if asyncio.iscoroutinefunction(module.setup):
       ^^^^^^^
NameError: name 'asyncio' is not defined
2025.04.24 06:50:41 core.utilities       INFO     🔄 Loading: plugins.mutagen
2025.04.24 06:50:41 core.utilities       ERROR    ❌ Failed to load plugins.mutagen: name 'asyncio' is not defined
Traceback (most recent call last):
  File "/home/admin/DLMaster/core/utilities.py", line 73, in load_plugins
    if asyncio.iscoroutinefunction(module.setup):
       ^^^^^^^
NameError: name 'asyncio' is not defined
2025.04.24 06:50:41 core.utilities       INFO     🔄 Loading: plugins.music_plugin
2025.04.24 06:50:41 core.utilities       ERROR    ❌ Failed to load plugins.music_plugin: name 'asyncio' is not defined
Traceback (most recent call last):
  File "/home/admin/DLMaster/core/utilities.py", line 73, in load_plugins
    if asyncio.iscoroutinefunction(module.setup):
       ^^^^^^^
NameError: name 'asyncio' is not defined
2025.04.24 06:50:41 core.utilities       INFO     🔄 Loading: plugins.start_plugin
2025.04.24 06:50:41 core.utilities       ERROR    ❌ Failed to load plugins.start_plugin: name 'asyncio' is not defined
Traceback (most recent call last):
  File "/home/admin/DLMaster/core/utilities.py", line 73, in load_plugins
    if asyncio.iscoroutinefunction(module.setup):
       ^^^^^^^
NameError: name 'asyncio' is not defined
2025.04.24 06:50:41 core.utilities       INFO     🔄 Loading: plugins.stats_plugin
2025.04.24 06:50:41 core.utilities       ERROR    ❌ Failed to load plugins.stats_plugin: name 'asyncio' is not defined
Traceback (most recent call last):
  File "/home/admin/DLMaster/core/utilities.py", line 73, in load_plugins
    if asyncio.iscoroutinefunction(module.setup):
       ^^^^^^^
NameError: name 'asyncio' is not defined
2025.04.24 06:50:41 core.utilities       INFO     🔄 Loading: plugins.dir_plugin
2025.04.24 06:50:41 core.utilities       ERROR    ❌ Failed to load plugins.dir_plugin: name 'asyncio' is not defined
Traceback (most recent call last):
  File "/home/admin/DLMaster/core/utilities.py", line 73, in load_plugins
    if asyncio.iscoroutinefunction(module.setup):
       ^^^^^^^
NameError: name 'asyncio' is not defined
2025.04.24 06:50:41 core.utilities       INFO     🔄 Loading: plugins.broadcast_plugin
2025.04.24 06:50:41 core.utilities       ERROR    ❌ Failed to load plugins.broadcast_plugin: name 'asyncio' is not defined
Traceback (most recent call last):
  File "/home/admin/DLMaster/core/utilities.py", line 73, in load_plugins
    if asyncio.iscoroutinefunction(module.setup):
       ^^^^^^^
NameError: name 'asyncio' is not defined
2025.04.24 06:50:41 core.utilities       INFO     🔄 Loading: plugins.speedtest_plugin
2025.04.24 06:50:41 core.utilities       ERROR    ❌ Failed to load plugins.speedtest_plugin: name 'asyncio' is not defined
Traceback (most recent call last):
  File "/home/admin/DLMaster/core/utilities.py", line 73, in load_plugins
    if asyncio.iscoroutinefunction(module.setup):
       ^^^^^^^
NameError: name 'asyncio' is not defined
2025.04.24 06:50:41 core.utilities       INFO     🔄 Loading: plugins.profile
2025.04.24 06:50:41 core.utilities       ERROR    ❌ Failed to load plugins.profile: name 'asyncio' is not defined
Traceback (most recent call last):
  File "/home/admin/DLMaster/core/utilities.py", line 73, in load_plugins
    if asyncio.iscoroutinefunction(module.setup):
       ^^^^^^^
NameError: name 'asyncio' is not defined
2025.04.24 06:50:41 core.utilities       INFO     🔄 Loading: plugins.bot_logs
2025.04.24 06:50:41 core.utilities       ERROR    ❌ Failed to load plugins.bot_logs: name 'asyncio' is not defined
Traceback (most recent call last):
  File "/home/admin/DLMaster/core/utilities.py", line 73, in load_plugins
    if asyncio.iscoroutinefunction(module.setup):
       ^^^^^^^
NameError: name 'asyncio' is not defined
2025.04.24 06:50:41 __main__             INFO     🚀 Starting polling...
2025.04.24 06:50:41 aiogram.dispatcher   INFO     Start polling
2025.04.24 06:50:41 aiogram.dispatcher   INFO     Run polling for bot @dllmasterbot id=8095621527 - 'DLLMaster 🍊'
2025.04.24 06:51:02 aiogram.dispatcher   WARNING  Received SIGINT signal
2025.04.24 06:51:02 aiogram.dispatcher   INFO     Polling stopped for bot @dllmasterbot id=8095621527 - 'DLLMaster 🍊'
2025.04.24 06:51:02 aiogram.dispatcher   INFO     Polling stopped
2025.04.24 06:51:02 __main__             INFO     🛑 Polling stopped
2025.04.24 06:51:02 __main__             INFO     🔴 Bot stopped
2025.04.24 06:51:07 dotenv.main          WARNING  python-dotenv could not parse statement starting at line 5
2025.04.24 06:51:07 __main__             INFO     🤖 Starting bot...
2025.04.24 06:51:07 __main__             INFO     🚀 Starting bot initialization...
2025.04.24 06:51:07 __main__             INFO     ✅ Database initialized successfully
2025.04.24 06:51:07 core.spotify_handler INFO     Spotify API connection established.
2025.04.24 06:51:07 __main__             INFO     ✅ Spotify service initialized
2025.04.24 06:51:07 core.webprofile      INFO     Seçilmiş User-Agent: Mozilla/5.0 (Linux; Android 14; Pixel 8 Pro) AppleWebKit/537.36 (KHTML, like Gecko) Chrome/122.0.0.0 Mobile Safari/537.36
2025.04.24 06:51:07 core.youtube_handler INFO     firefox brauzerindən cookies istifadə edilir.
2025.04.24 06:51:07 __main__             INFO     ✅ YouTube services initialized (firefox)
2025.04.24 06:51:07 __main__             INFO     🔌 Loading plugins...
2025.04.24 06:51:07 core.utilities       INFO     🔍 Scanning plugins in: plugins
2025.04.24 06:51:07 core.utilities       INFO     🔄 Loading: plugins.spotify_plugin
2025.04.24 06:51:07 core.utilities       INFO     ✅ Loaded (sync): plugins.spotify_plugin
2025.04.24 06:51:07 core.utilities       INFO     🔄 Loading: plugins.menu_plugin
2025.04.24 06:51:07 plugins.menu_plugin  INFO     ✅ Menu plugin yükləndi
2025.04.24 06:51:07 core.utilities       INFO     ✅ Loaded (async): plugins.menu_plugin
2025.04.24 06:51:07 core.utilities       INFO     🔄 Loading: plugins.sudo_plugin
2025.04.24 06:51:07 core.utilities       INFO     ✅ Loaded (sync): plugins.sudo_plugin
2025.04.24 06:51:07 core.utilities       INFO     🔄 Loading: plugins.youtube_plugin
2025.04.24 06:51:07 core.utilities       INFO     ✅ Loaded (sync): plugins.youtube_plugin
2025.04.24 06:51:07 core.utilities       INFO     🔄 Loading: plugins.neofetch_plugin
2025.04.24 06:51:07 core.utilities       INFO     ✅ Loaded (sync): plugins.neofetch_plugin
2025.04.24 06:51:07 core.utilities       INFO     🔄 Loading: plugins.id_command
2025.04.24 06:51:07 plugins.id_command   INFO     ✅ info_command plugin successfully loaded
2025.04.24 06:51:07 core.utilities       INFO     ✅ Loaded (async): plugins.id_command
2025.04.24 06:51:07 core.utilities       INFO     🔄 Loading: plugins.report_plugin
2025.04.24 06:51:07 core.utilities       INFO     ✅ Loaded (async): plugins.report_plugin
2025.04.24 06:51:07 core.utilities       INFO     🔄 Loading: plugins.del_plugin
2025.04.24 06:51:07 core.utilities       INFO     ✅ Loaded (sync): plugins.del_plugin
2025.04.24 06:51:07 core.utilities       INFO     🔄 Loading: plugins.mutagen
2025.04.24 06:51:07 plugins.mutagen      INFO     ✅ Mutagen plugin yükləndi
2025.04.24 06:51:07 core.utilities       INFO     ✅ Loaded (async): plugins.mutagen
2025.04.24 06:51:07 core.utilities       INFO     🔄 Loading: plugins.music_plugin
2025.04.24 06:51:07 core.utilities       INFO     ✅ Loaded (sync): plugins.music_plugin
2025.04.24 06:51:07 core.utilities       INFO     🔄 Loading: plugins.start_plugin
2025.04.24 06:51:07 plugins.start_plugin INFO     ✅ Start plugin yükləndi
2025.04.24 06:51:07 core.utilities       INFO     ✅ Loaded (async): plugins.start_plugin
2025.04.24 06:51:07 core.utilities       INFO     🔄 Loading: plugins.stats_plugin
2025.04.24 06:51:07 core.utilities       INFO     ✅ Loaded (sync): plugins.stats_plugin
2025.04.24 06:51:07 core.utilities       INFO     🔄 Loading: plugins.dir_plugin
2025.04.24 06:51:07 core.utilities       INFO     ✅ Loaded (sync): plugins.dir_plugin
2025.04.24 06:51:07 core.utilities       INFO     🔄 Loading: plugins.broadcast_plugin
2025.04.24 06:51:07 core.utilities       INFO     ✅ Loaded (sync): plugins.broadcast_plugin
2025.04.24 06:51:07 core.utilities       INFO     🔄 Loading: plugins.speedtest_plugin
2025.04.24 06:51:07 core.utilities       INFO     ✅ Loaded (sync): plugins.speedtest_plugin
2025.04.24 06:51:07 core.utilities       INFO     🔄 Loading: plugins.profile
2025.04.24 06:51:07 plugins.profile      INFO     ✅ Profile plugin loaded
2025.04.24 06:51:07 core.utilities       INFO     ✅ Loaded (async): plugins.profile
2025.04.24 06:51:07 core.utilities       INFO     🔄 Loading: plugins.bot_logs
2025.04.24 06:51:07 plugins.bot_logs     INFO     ✅ Logs plugin loaded
2025.04.24 06:51:07 core.utilities       INFO     ✅ Loaded (async): plugins.bot_logs
2025.04.24 06:51:07 __main__             INFO     🚀 Starting polling...
2025.04.24 06:51:07 aiogram.dispatcher   INFO     Start polling
2025.04.24 06:51:07 aiogram.dispatcher   INFO     Run polling for bot @dllmasterbot id=8095621527 - 'DLLMaster 🍊'
2025.04.24 06:59:06 core.webprofile      INFO     firefox brauzerindən cookies istifadə edilir.
2025.04.24 06:59:06 core.webprofile      INFO     Seçilmiş User-Agent: Mozilla/5.0 (X11; Linux x86_64) AppleWebKit/537.36 (KHTML, like Gecko) Chrome/122.0.0.0 Safari/537.36
2025.04.24 06:59:10 aiogram.event        INFO     Update id=511762102 is handled. Duration 4024 ms by bot id=8095621527
2025.04.24 06:59:18 core.webprofile      INFO     firefox brauzerindən cookies istifadə edilir.
2025.04.24 06:59:18 core.webprofile      INFO     Seçilmiş User-Agent: Mozilla/5.0 (X11; Linux x86_64) AppleWebKit/537.36 (KHTML, like Gecko) Chrome/122.0.0.0 Safari/537.36
2025.04.24 06:59:32 aiogram.event        INFO     Update id=511762103 is handled. Duration 14550 ms by bot id=8095621527
2025.04.24 06:59:44 aiogram.dispatcher   WARNING  Received SIGINT signal
2025.04.24 06:59:44 aiogram.dispatcher   INFO     Polling stopped for bot @dllmasterbot id=8095621527 - 'DLLMaster 🍊'
2025.04.24 06:59:44 aiogram.dispatcher   INFO     Polling stopped
2025.04.24 06:59:44 __main__             INFO     🛑 Polling stopped
2025.04.24 06:59:44 __main__             INFO     🔴 Bot stopped
2025.04.24 06:59:49 dotenv.main          WARNING  python-dotenv could not parse statement starting at line 5
2025.04.24 06:59:49 __main__             INFO     🤖 Starting bot...
2025.04.24 06:59:49 __main__             INFO     🚀 Starting bot initialization...
2025.04.24 06:59:49 __main__             INFO     ✅ Database initialized successfully
2025.04.24 06:59:49 core.spotify_handler INFO     Spotify API connection established.
2025.04.24 06:59:49 __main__             INFO     ✅ Spotify service initialized
2025.04.24 06:59:49 core.webprofile      INFO     Seçilmiş User-Agent: Mozilla/5.0 (Windows NT 10.0; Win64; x64) AppleWebKit/537.36 (KHTML, like Gecko) Chrome/122.0.0.0 Safari/537.36
2025.04.24 06:59:49 core.youtube_handler INFO     firefox brauzerindən cookies istifadə edilir.
2025.04.24 06:59:49 __main__             INFO     ✅ YouTube services initialized (firefox)
2025.04.24 06:59:49 __main__             INFO     🔌 Loading plugins...
2025.04.24 06:59:49 core.utilities       INFO     🔍 Scanning plugins in: plugins
2025.04.24 06:59:49 core.utilities       INFO     🔄 Loading: plugins.spotify_plugin
2025.04.24 06:59:49 core.utilities       INFO     ✅ Loaded (sync): plugins.spotify_plugin
2025.04.24 06:59:49 core.utilities       INFO     🔄 Loading: plugins.menu_plugin
2025.04.24 06:59:49 plugins.menu_plugin  INFO     ✅ Menu plugin yükləndi
2025.04.24 06:59:49 core.utilities       INFO     ✅ Loaded (async): plugins.menu_plugin
2025.04.24 06:59:49 core.utilities       INFO     🔄 Loading: plugins.sudo_plugin
2025.04.24 06:59:49 core.utilities       INFO     ✅ Loaded (sync): plugins.sudo_plugin
2025.04.24 06:59:49 core.utilities       INFO     🔄 Loading: plugins.youtube_plugin
2025.04.24 06:59:49 core.utilities       INFO     ✅ Loaded (sync): plugins.youtube_plugin
2025.04.24 06:59:49 core.utilities       INFO     🔄 Loading: plugins.neofetch_plugin
2025.04.24 06:59:49 core.utilities       INFO     ✅ Loaded (sync): plugins.neofetch_plugin
2025.04.24 06:59:49 core.utilities       INFO     🔄 Loading: plugins.id_command
2025.04.24 06:59:49 plugins.id_command   INFO     ✅ info_command plugin successfully loaded
2025.04.24 06:59:49 core.utilities       INFO     ✅ Loaded (async): plugins.id_command
2025.04.24 06:59:49 core.utilities       INFO     🔄 Loading: plugins.report_plugin
2025.04.24 06:59:49 core.utilities       INFO     ✅ Loaded (async): plugins.report_plugin
2025.04.24 06:59:49 core.utilities       INFO     🔄 Loading: plugins.del_plugin
2025.04.24 06:59:49 core.utilities       INFO     ✅ Loaded (sync): plugins.del_plugin
2025.04.24 06:59:49 core.utilities       INFO     🔄 Loading: plugins.mutagen
2025.04.24 06:59:49 plugins.mutagen      INFO     ✅ Mutagen plugin yükləndi
2025.04.24 06:59:49 core.utilities       INFO     ✅ Loaded (async): plugins.mutagen
2025.04.24 06:59:49 core.utilities       INFO     🔄 Loading: plugins.music_plugin
2025.04.24 06:59:49 core.utilities       INFO     ✅ Loaded (sync): plugins.music_plugin
2025.04.24 06:59:49 core.utilities       INFO     🔄 Loading: plugins.start_plugin
2025.04.24 06:59:49 plugins.start_plugin INFO     ✅ Start plugin yükləndi
2025.04.24 06:59:49 core.utilities       INFO     ✅ Loaded (async): plugins.start_plugin
2025.04.24 06:59:49 core.utilities       INFO     🔄 Loading: plugins.stats_plugin
2025.04.24 06:59:49 core.utilities       INFO     ✅ Loaded (sync): plugins.stats_plugin
2025.04.24 06:59:49 core.utilities       INFO     🔄 Loading: plugins.dir_plugin
2025.04.24 06:59:49 core.utilities       INFO     ✅ Loaded (sync): plugins.dir_plugin
2025.04.24 06:59:49 core.utilities       INFO     🔄 Loading: plugins.broadcast_plugin
2025.04.24 06:59:49 core.utilities       INFO     ✅ Loaded (sync): plugins.broadcast_plugin
2025.04.24 06:59:49 core.utilities       INFO     🔄 Loading: plugins.speedtest_plugin
2025.04.24 06:59:49 core.utilities       INFO     ✅ Loaded (sync): plugins.speedtest_plugin
2025.04.24 06:59:49 core.utilities       INFO     🔄 Loading: plugins.profile
2025.04.24 06:59:49 plugins.profile      INFO     ✅ Profile plugin loaded
2025.04.24 06:59:49 core.utilities       INFO     ✅ Loaded (async): plugins.profile
2025.04.24 06:59:49 core.utilities       INFO     🔄 Loading: plugins.bot_logs
2025.04.24 06:59:49 plugins.bot_logs     INFO     ✅ Logs plugin loaded
2025.04.24 06:59:49 core.utilities       INFO     ✅ Loaded (async): plugins.bot_logs
2025.04.24 06:59:49 __main__             INFO     🚀 Starting polling...
2025.04.24 06:59:49 aiogram.dispatcher   INFO     Start polling
2025.04.24 06:59:50 aiogram.dispatcher   INFO     Run polling for bot @dllmasterbot id=8095621527 - 'DLLMaster 🍊'
2025.04.24 07:04:11 aiogram.event        INFO     Update id=511762104 is handled. Duration 1 ms by bot id=8095621527
2025.04.24 07:10:09 aiogram.dispatcher   WARNING  Received SIGINT signal
2025.04.24 07:10:09 aiogram.dispatcher   INFO     Polling stopped for bot @dllmasterbot id=8095621527 - 'DLLMaster 🍊'
2025.04.24 07:10:09 aiogram.dispatcher   INFO     Polling stopped
2025.04.24 07:10:09 __main__             INFO     🛑 Polling stopped
2025.04.24 07:10:09 __main__             INFO     🔴 Bot stopped
2025.04.24 07:10:14 dotenv.main          WARNING  python-dotenv could not parse statement starting at line 5
2025.04.24 07:10:14 __main__             INFO     🤖 Starting bot...
2025.04.24 07:10:14 __main__             INFO     🚀 Starting bot initialization...
2025.04.24 07:10:14 __main__             INFO     ✅ Database initialized successfully
2025.04.24 07:10:14 core.spotify_handler INFO     Spotify API connection established.
2025.04.24 07:10:14 __main__             INFO     ✅ Spotify service initialized
2025.04.24 07:10:14 core.webprofile      INFO     Seçilmiş User-Agent: Mozilla/5.0 (Linux; Android 14; SM-G998B) AppleWebKit/537.36 (KHTML, like Gecko) Chrome/122.0.0.0 Mobile Safari/537.36
2025.04.24 07:10:14 core.youtube_handler INFO     firefox brauzerindən cookies istifadə edilir.
2025.04.24 07:10:14 __main__             INFO     ✅ YouTube services initialized (firefox)
2025.04.24 07:10:14 __main__             INFO     🔌 Loading plugins...
2025.04.24 07:10:14 core.utilities       INFO     🔍 Scanning plugins in: plugins
2025.04.24 07:10:14 core.utilities       INFO     🔄 Loading: plugins.spotify_plugin
2025.04.24 07:10:14 core.utilities       INFO     ✅ Loaded (sync): plugins.spotify_plugin
2025.04.24 07:10:14 core.utilities       INFO     🔄 Loading: plugins.menu_plugin
2025.04.24 07:10:14 plugins.menu_plugin  INFO     ✅ Menu plugin yükləndi
2025.04.24 07:10:14 core.utilities       INFO     ✅ Loaded (async): plugins.menu_plugin
2025.04.24 07:10:14 core.utilities       INFO     🔄 Loading: plugins.sudo_plugin
2025.04.24 07:10:14 core.utilities       INFO     ✅ Loaded (sync): plugins.sudo_plugin
2025.04.24 07:10:14 core.utilities       INFO     🔄 Loading: plugins.youtube_plugin
2025.04.24 07:10:14 core.utilities       INFO     ✅ Loaded (sync): plugins.youtube_plugin
2025.04.24 07:10:14 core.utilities       INFO     🔄 Loading: plugins.neofetch_plugin
2025.04.24 07:10:14 core.utilities       INFO     ✅ Loaded (sync): plugins.neofetch_plugin
2025.04.24 07:10:14 core.utilities       INFO     🔄 Loading: plugins.id_command
2025.04.24 07:10:14 plugins.id_command   INFO     ✅ info_command plugin successfully loaded
2025.04.24 07:10:14 core.utilities       INFO     ✅ Loaded (async): plugins.id_command
2025.04.24 07:10:14 core.utilities       INFO     🔄 Loading: plugins.report_plugin
2025.04.24 07:10:14 core.utilities       INFO     ✅ Loaded (async): plugins.report_plugin
2025.04.24 07:10:14 core.utilities       INFO     🔄 Loading: plugins.del_plugin
2025.04.24 07:10:14 core.utilities       INFO     ✅ Loaded (sync): plugins.del_plugin
2025.04.24 07:10:14 core.utilities       INFO     🔄 Loading: plugins.mutagen
2025.04.24 07:10:14 plugins.mutagen      INFO     ✅ Mutagen plugin yükləndi
2025.04.24 07:10:14 core.utilities       INFO     ✅ Loaded (async): plugins.mutagen
2025.04.24 07:10:14 core.utilities       INFO     🔄 Loading: plugins.music_plugin
2025.04.24 07:10:14 core.utilities       INFO     ✅ Loaded (sync): plugins.music_plugin
2025.04.24 07:10:14 core.utilities       INFO     🔄 Loading: plugins.start_plugin
2025.04.24 07:10:14 plugins.start_plugin INFO     ✅ Start plugin yükləndi
2025.04.24 07:10:14 core.utilities       INFO     ✅ Loaded (async): plugins.start_plugin
2025.04.24 07:10:14 core.utilities       INFO     🔄 Loading: plugins.stats_plugin
2025.04.24 07:10:14 core.utilities       INFO     ✅ Loaded (sync): plugins.stats_plugin
2025.04.24 07:10:14 core.utilities       INFO     🔄 Loading: plugins.dir_plugin
2025.04.24 07:10:14 core.utilities       INFO     ✅ Loaded (sync): plugins.dir_plugin
2025.04.24 07:10:14 core.utilities       INFO     🔄 Loading: plugins.broadcast_plugin
2025.04.24 07:10:14 core.utilities       INFO     ✅ Loaded (sync): plugins.broadcast_plugin
2025.04.24 07:10:14 core.utilities       INFO     🔄 Loading: plugins.speedtest_plugin
2025.04.24 07:10:14 core.utilities       INFO     ✅ Loaded (sync): plugins.speedtest_plugin
2025.04.24 07:10:14 core.utilities       INFO     🔄 Loading: plugins.profile
2025.04.24 07:10:14 plugins.profile      INFO     ✅ Profile plugin loaded
2025.04.24 07:10:14 core.utilities       INFO     ✅ Loaded (async): plugins.profile
2025.04.24 07:10:14 core.utilities       INFO     🔄 Loading: plugins.bot_logs
2025.04.24 07:10:14 plugins.bot_logs     INFO     ✅ Logs plugin loaded
2025.04.24 07:10:14 core.utilities       INFO     ✅ Loaded (async): plugins.bot_logs
2025.04.24 07:10:14 __main__             INFO     🚀 Starting polling...
2025.04.24 07:10:14 aiogram.dispatcher   INFO     Start polling
2025.04.24 07:10:14 aiogram.dispatcher   INFO     Run polling for bot @dllmasterbot id=8095621527 - 'DLLMaster 🍊'
2025.04.24 07:10:22 aiogram.event        INFO     Update id=511762105 is handled. Duration 109 ms by bot id=8095621527
2025.04.24 07:10:48 aiogram.event        INFO     Update id=511762106 is handled. Duration 1 ms by bot id=8095621527
2025.04.24 07:11:03 aiogram.event        INFO     Update id=511762107 is handled. Duration 2 ms by bot id=8095621527
2025.04.24 07:11:18 aiogram.dispatcher   WARNING  Received SIGINT signal
2025.04.24 07:11:18 aiogram.dispatcher   INFO     Polling stopped for bot @dllmasterbot id=8095621527 - 'DLLMaster 🍊'
2025.04.24 07:11:18 aiogram.dispatcher   INFO     Polling stopped
2025.04.24 07:11:18 __main__             INFO     🛑 Polling stopped
2025.04.24 07:11:18 __main__             INFO     🔴 Bot stopped
2025.04.24 07:11:23 dotenv.main          WARNING  python-dotenv could not parse statement starting at line 5
2025.04.24 07:11:23 __main__             INFO     🤖 Starting bot...
2025.04.24 07:11:23 __main__             INFO     🚀 Starting bot initialization...
2025.04.24 07:11:23 __main__             INFO     ✅ Database initialized successfully
2025.04.24 07:11:23 core.spotify_handler INFO     Spotify API connection established.
2025.04.24 07:11:23 __main__             INFO     ✅ Spotify service initialized
2025.04.24 07:11:23 core.webprofile      INFO     Seçilmiş User-Agent: Mozilla/5.0 (Linux; Android 14; SM-G998B) AppleWebKit/537.36 (KHTML, like Gecko) Chrome/122.0.0.0 Mobile Safari/537.36
2025.04.24 07:11:23 core.youtube_handler INFO     firefox brauzerindən cookies istifadə edilir.
2025.04.24 07:11:23 __main__             INFO     ✅ YouTube services initialized (firefox)
2025.04.24 07:11:23 __main__             INFO     🔌 Loading plugins...
2025.04.24 07:11:23 core.utilities       INFO     🔍 Scanning plugins in: plugins
2025.04.24 07:11:23 core.utilities       INFO     🔄 Loading: plugins.spotify_plugin
2025.04.24 07:11:23 core.utilities       INFO     ✅ Loaded (sync): plugins.spotify_plugin
2025.04.24 07:11:23 core.utilities       INFO     🔄 Loading: plugins.menu_plugin
2025.04.24 07:11:23 plugins.menu_plugin  INFO     ✅ Menu plugin yükləndi
2025.04.24 07:11:23 core.utilities       INFO     ✅ Loaded (async): plugins.menu_plugin
2025.04.24 07:11:23 core.utilities       INFO     🔄 Loading: plugins.sudo_plugin
2025.04.24 07:11:23 core.utilities       INFO     ✅ Loaded (sync): plugins.sudo_plugin
2025.04.24 07:11:23 core.utilities       INFO     🔄 Loading: plugins.youtube_plugin
2025.04.24 07:11:23 core.utilities       INFO     ✅ Loaded (sync): plugins.youtube_plugin
2025.04.24 07:11:23 core.utilities       INFO     🔄 Loading: plugins.neofetch_plugin
2025.04.24 07:11:23 core.utilities       INFO     ✅ Loaded (sync): plugins.neofetch_plugin
2025.04.24 07:11:23 core.utilities       INFO     🔄 Loading: plugins.id_command
2025.04.24 07:11:23 plugins.id_command   INFO     ✅ info_command plugin successfully loaded
2025.04.24 07:11:23 core.utilities       INFO     ✅ Loaded (async): plugins.id_command
2025.04.24 07:11:23 core.utilities       INFO     🔄 Loading: plugins.report_plugin
2025.04.24 07:11:23 core.utilities       INFO     ✅ Loaded (async): plugins.report_plugin
2025.04.24 07:11:23 core.utilities       INFO     🔄 Loading: plugins.del_plugin
2025.04.24 07:11:23 core.utilities       INFO     ✅ Loaded (sync): plugins.del_plugin
2025.04.24 07:11:23 core.utilities       INFO     🔄 Loading: plugins.mutagen
2025.04.24 07:11:23 plugins.mutagen      INFO     ✅ Mutagen plugin yükləndi
2025.04.24 07:11:23 core.utilities       INFO     ✅ Loaded (async): plugins.mutagen
2025.04.24 07:11:23 core.utilities       INFO     🔄 Loading: plugins.music_plugin
2025.04.24 07:11:23 core.utilities       INFO     ✅ Loaded (sync): plugins.music_plugin
2025.04.24 07:11:23 core.utilities       INFO     🔄 Loading: plugins.start_plugin
2025.04.24 07:11:23 plugins.start_plugin INFO     ✅ Start plugin yükləndi
2025.04.24 07:11:23 core.utilities       INFO     ✅ Loaded (async): plugins.start_plugin
2025.04.24 07:11:23 core.utilities       INFO     🔄 Loading: plugins.stats_plugin
2025.04.24 07:11:23 core.utilities       INFO     ✅ Loaded (sync): plugins.stats_plugin
2025.04.24 07:11:23 core.utilities       INFO     🔄 Loading: plugins.dir_plugin
2025.04.24 07:11:23 core.utilities       INFO     ✅ Loaded (sync): plugins.dir_plugin
2025.04.24 07:11:23 core.utilities       INFO     🔄 Loading: plugins.broadcast_plugin
2025.04.24 07:11:23 core.utilities       INFO     ✅ Loaded (sync): plugins.broadcast_plugin
2025.04.24 07:11:23 core.utilities       INFO     🔄 Loading: plugins.speedtest_plugin
2025.04.24 07:11:23 core.utilities       INFO     ✅ Loaded (sync): plugins.speedtest_plugin
2025.04.24 07:11:23 core.utilities       INFO     🔄 Loading: plugins.profile
2025.04.24 07:11:23 plugins.profile      INFO     ✅ Profile plugin loaded
2025.04.24 07:11:23 core.utilities       INFO     ✅ Loaded (async): plugins.profile
2025.04.24 07:11:23 core.utilities       INFO     🔄 Loading: plugins.bot_logs
2025.04.24 07:11:23 plugins.bot_logs     INFO     ✅ Logs plugin loaded
2025.04.24 07:11:23 core.utilities       INFO     ✅ Loaded (async): plugins.bot_logs
2025.04.24 07:11:23 __main__             INFO     🚀 Starting polling...
2025.04.24 07:11:23 aiogram.dispatcher   INFO     Start polling
2025.04.24 07:11:23 aiogram.dispatcher   INFO     Run polling for bot @dllmasterbot id=8095621527 - 'DLLMaster 🍊'
2025.04.24 07:11:36 aiogram.event        INFO     Update id=511762108 is handled. Duration 2 ms by bot id=8095621527
2025.04.24 07:11:37 aiogram.event        INFO     Update id=511762109 is handled. Duration 73 ms by bot id=8095621527
2025.04.24 07:11:42 aiogram.event        INFO     Update id=511762110 is handled. Duration 1 ms by bot id=8095621527
2025.04.24 07:12:29 aiogram.event        INFO     Update id=511762111 is handled. Duration 1 ms by bot id=8095621527
2025.04.24 07:12:36 aiogram.event        INFO     Update id=511762112 is handled. Duration 1 ms by bot id=8095621527
2025.04.24 07:12:42 aiogram.event        INFO     Update id=511762113 is handled. Duration 1 ms by bot id=8095621527
2025.04.24 07:12:49 aiogram.event        INFO     Update id=511762114 is handled. Duration 1 ms by bot id=8095621527
2025.04.24 07:12:50 aiogram.event        INFO     Update id=511762115 is handled. Duration 1 ms by bot id=8095621527
2025.04.24 07:14:37 aiogram.event        INFO     Update id=511762116 is handled. Duration 2 ms by bot id=8095621527
2025.04.24 07:14:58 aiogram.dispatcher   WARNING  Received SIGINT signal
2025.04.24 07:14:58 aiogram.dispatcher   INFO     Polling stopped for bot @dllmasterbot id=8095621527 - 'DLLMaster 🍊'
2025.04.24 07:14:58 aiogram.dispatcher   INFO     Polling stopped
2025.04.24 07:14:58 __main__             INFO     🛑 Polling stopped
2025.04.24 07:14:58 __main__             INFO     🔴 Bot stopped
2025.04.24 07:15:03 dotenv.main          WARNING  python-dotenv could not parse statement starting at line 5
2025.04.24 07:15:03 __main__             INFO     🤖 Starting bot...
2025.04.24 07:15:03 __main__             INFO     🚀 Starting bot initialization...
2025.04.24 07:15:03 __main__             INFO     ✅ Database initialized successfully
2025.04.24 07:15:03 core.spotify_handler INFO     Spotify API connection established.
2025.04.24 07:15:03 __main__             INFO     ✅ Spotify service initialized
2025.04.24 07:15:03 core.webprofile      INFO     Seçilmiş User-Agent: Mozilla/5.0 (X11; Ubuntu; Linux x86_64; rv:120.0) Gecko/20100101 Firefox/120.0
2025.04.24 07:15:03 core.youtube_handler INFO     firefox brauzerindən cookies istifadə edilir.
2025.04.24 07:15:03 __main__             INFO     ✅ YouTube services initialized (firefox)
2025.04.24 07:15:03 __main__             INFO     🔌 Loading plugins...
2025.04.24 07:15:03 core.utilities       INFO     🔍 Scanning plugins in: plugins
2025.04.24 07:15:03 core.utilities       INFO     🔄 Loading: plugins.spotify_plugin
2025.04.24 07:15:03 core.utilities       INFO     ✅ Loaded (sync): plugins.spotify_plugin
2025.04.24 07:15:03 core.utilities       INFO     🔄 Loading: plugins.menu_plugin
2025.04.24 07:15:03 plugins.menu_plugin  INFO     ✅ Menu plugin yükləndi
2025.04.24 07:15:03 core.utilities       INFO     ✅ Loaded (async): plugins.menu_plugin
2025.04.24 07:15:03 core.utilities       INFO     🔄 Loading: plugins.sudo_plugin
2025.04.24 07:15:03 core.utilities       INFO     ✅ Loaded (sync): plugins.sudo_plugin
2025.04.24 07:15:03 core.utilities       INFO     🔄 Loading: plugins.youtube_plugin
2025.04.24 07:15:03 core.utilities       INFO     ✅ Loaded (sync): plugins.youtube_plugin
2025.04.24 07:15:03 core.utilities       INFO     🔄 Loading: plugins.neofetch_plugin
2025.04.24 07:15:03 core.utilities       INFO     ✅ Loaded (sync): plugins.neofetch_plugin
2025.04.24 07:15:03 core.utilities       INFO     🔄 Loading: plugins.id_command
2025.04.24 07:15:03 plugins.id_command   INFO     ✅ info_command plugin successfully loaded
2025.04.24 07:15:03 core.utilities       INFO     ✅ Loaded (async): plugins.id_command
2025.04.24 07:15:03 core.utilities       INFO     🔄 Loading: plugins.report_plugin
2025.04.24 07:15:03 core.utilities       INFO     ✅ Loaded (async): plugins.report_plugin
2025.04.24 07:15:03 core.utilities       INFO     🔄 Loading: plugins.del_plugin
2025.04.24 07:15:03 core.utilities       INFO     ✅ Loaded (sync): plugins.del_plugin
2025.04.24 07:15:03 core.utilities       INFO     🔄 Loading: plugins.mutagen
2025.04.24 07:15:03 plugins.mutagen      INFO     ✅ Mutagen plugin yükləndi
2025.04.24 07:15:03 core.utilities       INFO     ✅ Loaded (async): plugins.mutagen
2025.04.24 07:15:03 core.utilities       INFO     🔄 Loading: plugins.music_plugin
2025.04.24 07:15:03 core.utilities       INFO     ✅ Loaded (sync): plugins.music_plugin
2025.04.24 07:15:03 core.utilities       INFO     🔄 Loading: plugins.start_plugin
2025.04.24 07:15:03 plugins.start_plugin INFO     ✅ Start plugin yükləndi
2025.04.24 07:15:03 core.utilities       INFO     ✅ Loaded (async): plugins.start_plugin
2025.04.24 07:15:03 core.utilities       INFO     🔄 Loading: plugins.stats_plugin
2025.04.24 07:15:03 core.utilities       INFO     ✅ Loaded (sync): plugins.stats_plugin
2025.04.24 07:15:03 core.utilities       INFO     🔄 Loading: plugins.dir_plugin
2025.04.24 07:15:03 core.utilities       INFO     ✅ Loaded (sync): plugins.dir_plugin
2025.04.24 07:15:03 core.utilities       INFO     🔄 Loading: plugins.broadcast_plugin
2025.04.24 07:15:03 core.utilities       INFO     ✅ Loaded (sync): plugins.broadcast_plugin
2025.04.24 07:15:03 core.utilities       INFO     🔄 Loading: plugins.speedtest_plugin
2025.04.24 07:15:03 core.utilities       INFO     ✅ Loaded (sync): plugins.speedtest_plugin
2025.04.24 07:15:03 core.utilities       INFO     🔄 Loading: plugins.profile
2025.04.24 07:15:03 plugins.profile      INFO     ✅ Profile plugin loaded
2025.04.24 07:15:03 core.utilities       INFO     ✅ Loaded (async): plugins.profile
2025.04.24 07:15:03 core.utilities       INFO     🔄 Loading: plugins.bot_logs
2025.04.24 07:15:03 plugins.bot_logs     INFO     ✅ Logs plugin loaded
2025.04.24 07:15:03 core.utilities       INFO     ✅ Loaded (async): plugins.bot_logs
2025.04.24 07:15:03 __main__             INFO     🚀 Starting polling...
2025.04.24 07:15:03 aiogram.dispatcher   INFO     Start polling
2025.04.24 07:15:03 aiogram.dispatcher   INFO     Run polling for bot @dllmasterbot id=8095621527 - 'DLLMaster 🍊'
2025.04.24 07:15:17 aiogram.event        INFO     Update id=511762117 is handled. Duration 2 ms by bot id=8095621527
2025.04.24 07:15:55 aiogram.event        INFO     Update id=511762118 is handled. Duration 1 ms by bot id=8095621527
2025.04.24 07:15:55 aiogram.event        INFO     Update id=511762119 is handled. Duration 1 ms by bot id=8095621527
2025.04.24 07:15:56 core.webprofile      INFO     firefox brauzerindən cookies istifadə edilir.
2025.04.24 07:15:56 core.webprofile      INFO     Seçilmiş User-Agent: Mozilla/5.0 (Linux; Android 14; SM-G998B) AppleWebKit/537.36 (KHTML, like Gecko) Chrome/122.0.0.0 Mobile Safari/537.36
2025.04.24 07:16:00 aiogram.event        INFO     Update id=511762120 is handled. Duration 4140 ms by bot id=8095621527
2025.04.24 07:16:11 aiogram.event        INFO     Update id=511762122 is handled. Duration 1 ms by bot id=8095621527
2025.04.24 07:16:11 aiogram.event        INFO     Update id=511762123 is handled. Duration 1 ms by bot id=8095621527
2025.04.24 07:16:13 aiogram.event        INFO     Update id=511762124 is handled. Duration 90 ms by bot id=8095621527
2025.04.24 07:16:14 aiogram.event        INFO     Update id=511762121 is handled. Duration 5183 ms by bot id=8095621527
2025.04.24 07:16:15 aiogram.event        INFO     Update id=511762125 is handled. Duration 1067 ms by bot id=8095621527
2025.04.24 07:16:16 aiogram.event        INFO     Update id=511762126 is handled. Duration 54 ms by bot id=8095621527
2025.04.24 07:17:33 aiogram.event        INFO     Update id=511762127 is handled. Duration 2 ms by bot id=8095621527
2025.04.24 07:27:27 aiogram.event        INFO     Update id=511762128 is handled. Duration 1 ms by bot id=8095621527
2025.04.24 07:27:38 aiogram.event        INFO     Update id=511762129 is handled. Duration 1 ms by bot id=8095621527
2025.04.24 07:30:58 aiogram.dispatcher   WARNING  Received SIGINT signal
2025.04.24 07:30:58 aiogram.dispatcher   INFO     Polling stopped for bot @dllmasterbot id=8095621527 - 'DLLMaster 🍊'
2025.04.24 07:30:58 aiogram.dispatcher   INFO     Polling stopped
2025.04.24 07:30:58 __main__             INFO     🛑 Polling stopped
2025.04.24 07:30:58 __main__             INFO     🔴 Bot stopped
2025.04.24 07:31:03 dotenv.main          WARNING  python-dotenv could not parse statement starting at line 5
2025.04.24 07:31:03 __main__             INFO     🤖 Starting bot...
2025.04.24 07:31:03 __main__             INFO     🚀 Starting bot initialization...
2025.04.24 07:31:03 __main__             CRITICAL 💥 Fatal error: name 'dp' is not defined
Traceback (most recent call last):
  File "/home/admin/DLMaster/app.py", line 114, in main
    context = AppContext()
              ^^^^^^^^^^^^
  File "/home/admin/DLMaster/app.py", line 45, in __init__
    dp.message.middleware(CommandLoggerMiddleware())
    ^^
NameError: name 'dp' is not defined
2025.04.24 07:31:03 __main__             INFO     🔴 Bot stopped
2025.04.24 07:31:58 dotenv.main          WARNING  python-dotenv could not parse statement starting at line 5
2025.04.24 07:31:58 __main__             INFO     🤖 Starting bot...
2025.04.24 07:31:58 __main__             INFO     🚀 Starting bot initialization...
2025.04.24 07:31:58 __main__             INFO     ✅ Database initialized successfully
2025.04.24 07:31:58 core.spotify_handler INFO     Spotify API connection established.
2025.04.24 07:31:58 __main__             INFO     ✅ Spotify service initialized
2025.04.24 07:31:58 core.webprofile      INFO     Seçilmiş User-Agent: Mozilla/5.0 (Linux; Android 14; Pixel 8 Pro) AppleWebKit/537.36 (KHTML, like Gecko) Chrome/122.0.0.0 Mobile Safari/537.36
2025.04.24 07:31:58 core.youtube_handler INFO     firefox brauzerindən cookies istifadə edilir.
2025.04.24 07:31:58 __main__             INFO     ✅ YouTube services initialized (firefox)
2025.04.24 07:31:58 __main__             INFO     🔌 Loading plugins...
2025.04.24 07:31:58 core.utilities       INFO     🔍 Scanning plugins in: plugins
2025.04.24 07:31:58 core.utilities       INFO     🔄 Loading: plugins.spotify_plugin
2025.04.24 07:31:58 core.utilities       INFO     ✅ Loaded (sync): plugins.spotify_plugin
2025.04.24 07:31:58 core.utilities       INFO     🔄 Loading: plugins.menu_plugin
2025.04.24 07:31:58 plugins.menu_plugin  INFO     ✅ Menu plugin yükləndi
2025.04.24 07:31:58 core.utilities       INFO     ✅ Loaded (async): plugins.menu_plugin
2025.04.24 07:31:58 core.utilities       INFO     🔄 Loading: plugins.sudo_plugin
2025.04.24 07:31:58 core.utilities       INFO     ✅ Loaded (sync): plugins.sudo_plugin
2025.04.24 07:31:58 core.utilities       INFO     🔄 Loading: plugins.youtube_plugin
2025.04.24 07:31:58 core.utilities       INFO     ✅ Loaded (sync): plugins.youtube_plugin
2025.04.24 07:31:58 core.utilities       INFO     🔄 Loading: plugins.neofetch_plugin
2025.04.24 07:31:58 core.utilities       INFO     ✅ Loaded (sync): plugins.neofetch_plugin
2025.04.24 07:31:58 core.utilities       INFO     🔄 Loading: plugins.id_command
2025.04.24 07:31:58 plugins.id_command   INFO     ✅ info_command plugin successfully loaded
2025.04.24 07:31:58 core.utilities       INFO     ✅ Loaded (async): plugins.id_command
2025.04.24 07:31:58 core.utilities       INFO     🔄 Loading: plugins.report_plugin
2025.04.24 07:31:58 core.utilities       INFO     ✅ Loaded (async): plugins.report_plugin
2025.04.24 07:31:58 core.utilities       INFO     🔄 Loading: plugins.del_plugin
2025.04.24 07:31:58 core.utilities       INFO     ✅ Loaded (sync): plugins.del_plugin
2025.04.24 07:31:58 core.utilities       INFO     🔄 Loading: plugins.mutagen
2025.04.24 07:31:58 plugins.mutagen      INFO     ✅ Mutagen plugin yükləndi
2025.04.24 07:31:58 core.utilities       INFO     ✅ Loaded (async): plugins.mutagen
2025.04.24 07:31:58 core.utilities       INFO     🔄 Loading: plugins.music_plugin
2025.04.24 07:31:58 core.utilities       INFO     ✅ Loaded (sync): plugins.music_plugin
2025.04.24 07:31:58 core.utilities       INFO     🔄 Loading: plugins.start_plugin
2025.04.24 07:31:58 plugins.start_plugin INFO     ✅ Start plugin yükləndi
2025.04.24 07:31:58 core.utilities       INFO     ✅ Loaded (async): plugins.start_plugin
2025.04.24 07:31:58 core.utilities       INFO     🔄 Loading: plugins.stats_plugin
2025.04.24 07:31:58 core.utilities       INFO     ✅ Loaded (sync): plugins.stats_plugin
2025.04.24 07:31:58 core.utilities       INFO     🔄 Loading: plugins.dir_plugin
2025.04.24 07:31:58 core.utilities       INFO     ✅ Loaded (sync): plugins.dir_plugin
2025.04.24 07:31:58 core.utilities       INFO     🔄 Loading: plugins.broadcast_plugin
2025.04.24 07:31:58 core.utilities       INFO     ✅ Loaded (sync): plugins.broadcast_plugin
2025.04.24 07:31:58 core.utilities       INFO     🔄 Loading: plugins.speedtest_plugin
2025.04.24 07:31:58 core.utilities       INFO     ✅ Loaded (sync): plugins.speedtest_plugin
2025.04.24 07:31:58 core.utilities       INFO     🔄 Loading: plugins.profile
2025.04.24 07:31:58 plugins.profile      INFO     ✅ Profile plugin loaded
2025.04.24 07:31:58 core.utilities       INFO     ✅ Loaded (async): plugins.profile
2025.04.24 07:31:58 core.utilities       INFO     🔄 Loading: plugins.bot_logs
2025.04.24 07:31:58 plugins.bot_logs     INFO     ✅ Logs plugin loaded
2025.04.24 07:31:58 core.utilities       INFO     ✅ Loaded (async): plugins.bot_logs
2025.04.24 07:31:58 __main__             INFO     🚀 Starting polling...
2025.04.24 07:31:58 aiogram.dispatcher   INFO     Start polling
2025.04.24 07:31:58 aiogram.dispatcher   INFO     Run polling for bot @dllmasterbot id=8095621527 - 'DLLMaster 🍊'
2025.04.24 07:32:09 aiogram.event        INFO     Update id=511762130 is handled. Duration 103 ms by bot id=8095621527
2025.04.24 07:32:16 aiogram.event        INFO     Update id=511762131 is handled. Duration 1 ms by bot id=8095621527
2025.04.24 07:35:32 aiogram.event        INFO     Update id=511762132 is handled. Duration 3 ms by bot id=8095621527
2025.04.24 07:35:32 aiogram.event        INFO     Update id=511762133 is handled. Duration 3 ms by bot id=8095621527
2025.04.24 07:36:40 aiogram.event        INFO     Update id=511762134 is handled. Duration 1 ms by bot id=8095621527
2025.04.24 07:37:41 aiogram.event        INFO     Update id=511762135 is handled. Duration 1 ms by bot id=8095621527
2025.04.24 07:38:05 aiogram.event        INFO     Update id=511762136 is handled. Duration 1 ms by bot id=8095621527
2025.04.24 07:40:24 aiogram.dispatcher   WARNING  Received SIGINT signal
2025.04.24 07:40:24 aiogram.dispatcher   INFO     Polling stopped for bot @dllmasterbot id=8095621527 - 'DLLMaster 🍊'
2025.04.24 07:40:24 aiogram.dispatcher   INFO     Polling stopped
2025.04.24 07:40:24 __main__             CRITICAL 💥 Fatal error: name 'dp' is not defined
Traceback (most recent call last):
  File "/home/admin/DLMaster/app.py", line 121, in main
NameError: name 'dp' is not defined
2025.04.24 07:40:24 __main__             INFO     🔴 Bot stopped
2025.04.24 07:40:30 dotenv.main          WARNING  python-dotenv could not parse statement starting at line 5
2025.04.24 07:40:30 __main__             INFO     🤖 Starting bot...
2025.04.24 07:40:30 __main__             INFO     🚀 Starting bot initialization...
2025.04.24 07:40:30 __main__             INFO     ✅ Database initialized successfully
2025.04.24 07:40:30 core.spotify_handler INFO     Spotify API connection established.
2025.04.24 07:40:30 __main__             INFO     ✅ Spotify service initialized
2025.04.24 07:40:30 core.webprofile      INFO     Seçilmiş User-Agent: Mozilla/5.0 (Windows NT 10.0; Win64; x64; rv:120.0) Gecko/20100101 Firefox/120.0
2025.04.24 07:40:30 core.youtube_handler INFO     firefox brauzerindən cookies istifadə edilir.
2025.04.24 07:40:30 __main__             INFO     ✅ YouTube services initialized (firefox)
2025.04.24 07:40:30 __main__             INFO     🔌 Loading plugins...
2025.04.24 07:40:30 core.utilities       INFO     🔍 Scanning plugins in: plugins
2025.04.24 07:40:30 core.utilities       INFO     🔄 Loading: plugins.spotify_plugin
2025.04.24 07:40:30 core.utilities       INFO     ✅ Loaded (sync): plugins.spotify_plugin
2025.04.24 07:40:30 core.utilities       INFO     🔄 Loading: plugins.menu_plugin
2025.04.24 07:40:30 plugins.menu_plugin  INFO     ✅ Menu plugin yükləndi
2025.04.24 07:40:30 core.utilities       INFO     ✅ Loaded (async): plugins.menu_plugin
2025.04.24 07:40:30 core.utilities       INFO     🔄 Loading: plugins.sudo_plugin
2025.04.24 07:40:30 core.utilities       INFO     ✅ Loaded (sync): plugins.sudo_plugin
2025.04.24 07:40:30 core.utilities       INFO     🔄 Loading: plugins.youtube_plugin
2025.04.24 07:40:30 core.utilities       INFO     ✅ Loaded (sync): plugins.youtube_plugin
2025.04.24 07:40:30 core.utilities       INFO     🔄 Loading: plugins.neofetch_plugin
2025.04.24 07:40:30 core.utilities       INFO     ✅ Loaded (sync): plugins.neofetch_plugin
2025.04.24 07:40:30 core.utilities       INFO     🔄 Loading: plugins.id_command
2025.04.24 07:40:30 plugins.id_command   INFO     ✅ info_command plugin successfully loaded
2025.04.24 07:40:30 core.utilities       INFO     ✅ Loaded (async): plugins.id_command
2025.04.24 07:40:30 core.utilities       INFO     🔄 Loading: plugins.report_plugin
2025.04.24 07:40:30 core.utilities       INFO     ✅ Loaded (async): plugins.report_plugin
2025.04.24 07:40:30 core.utilities       INFO     🔄 Loading: plugins.del_plugin
2025.04.24 07:40:30 core.utilities       INFO     ✅ Loaded (sync): plugins.del_plugin
2025.04.24 07:40:30 core.utilities       INFO     🔄 Loading: plugins.mutagen
2025.04.24 07:40:30 plugins.mutagen      INFO     ✅ Mutagen plugin yükləndi
2025.04.24 07:40:30 core.utilities       INFO     ✅ Loaded (async): plugins.mutagen
2025.04.24 07:40:30 core.utilities       INFO     🔄 Loading: plugins.music_plugin
2025.04.24 07:40:30 core.utilities       INFO     ✅ Loaded (sync): plugins.music_plugin
2025.04.24 07:40:30 core.utilities       INFO     🔄 Loading: plugins.start_plugin
2025.04.24 07:40:30 plugins.start_plugin INFO     ✅ Start plugin yükləndi
2025.04.24 07:40:30 core.utilities       INFO     ✅ Loaded (async): plugins.start_plugin
2025.04.24 07:40:30 core.utilities       INFO     🔄 Loading: plugins.stats_plugin
2025.04.24 07:40:30 core.utilities       INFO     ✅ Loaded (sync): plugins.stats_plugin
2025.04.24 07:40:30 core.utilities       INFO     🔄 Loading: plugins.dir_plugin
2025.04.24 07:40:30 core.utilities       INFO     ✅ Loaded (sync): plugins.dir_plugin
2025.04.24 07:40:30 core.utilities       INFO     🔄 Loading: plugins.broadcast_plugin
2025.04.24 07:40:30 core.utilities       INFO     ✅ Loaded (sync): plugins.broadcast_plugin
2025.04.24 07:40:30 core.utilities       INFO     🔄 Loading: plugins.speedtest_plugin
2025.04.24 07:40:30 core.utilities       INFO     ✅ Loaded (sync): plugins.speedtest_plugin
2025.04.24 07:40:30 core.utilities       INFO     🔄 Loading: plugins.profile
2025.04.24 07:40:30 plugins.profile      INFO     ✅ Profile plugin loaded
2025.04.24 07:40:30 core.utilities       INFO     ✅ Loaded (async): plugins.profile
2025.04.24 07:40:30 core.utilities       INFO     🔄 Loading: plugins.bot_logs
2025.04.24 07:40:30 plugins.bot_logs     INFO     ✅ Logs plugin loaded
2025.04.24 07:40:30 core.utilities       INFO     ✅ Loaded (async): plugins.bot_logs
2025.04.24 07:40:30 __main__             INFO     🚀 Starting polling...
2025.04.24 07:40:30 aiogram.dispatcher   INFO     Start polling
2025.04.24 07:40:30 aiogram.dispatcher   INFO     Run polling for bot @dllmasterbot id=8095621527 - 'DLLMaster 🍊'
2025.04.24 07:40:36 __main__             INFO     User 7526642047 executed command: /profile
2025.04.24 07:40:36 aiogram.event        INFO     Update id=511762137 is handled. Duration 2 ms by bot id=8095621527
2025.04.24 07:40:37 __main__             INFO     User 7526642047 executed command: /menu
2025.04.24 07:40:37 aiogram.event        INFO     Update id=511762138 is handled. Duration 112 ms by bot id=8095621527
2025.04.24 07:40:50 __main__             INFO     User 7526642047 executed command: /nah
2025.04.24 07:40:50 aiogram.event        INFO     Update id=511762139 is handled. Duration 2 ms by bot id=8095621527
2025.04.24 07:41:16 aiogram.event        INFO     Update id=511762140 is handled. Duration 1 ms by bot id=8095621527
2025.04.24 07:41:17 core.webprofile      INFO     firefox brauzerindən cookies istifadə edilir.
2025.04.24 07:41:17 core.webprofile      INFO     Seçilmiş User-Agent: Mozilla/5.0 (iPhone; CPU iPhone OS 17_2 like Mac OS X) AppleWebKit/605.1.15 (KHTML, like Gecko) Version/17.2 Mobile/15E148 Safari/604.1
2025.04.24 07:41:21 aiogram.event        INFO     Update id=511762141 is handled. Duration 3703 ms by bot id=8095621527
2025.04.24 07:41:24 core.webprofile      INFO     firefox brauzerindən cookies istifadə edilir.
2025.04.24 07:41:24 core.webprofile      INFO     Seçilmiş User-Agent: Mozilla/5.0 (Macintosh; Intel Mac OS X 10_15_7) AppleWebKit/537.36 (KHTML, like Gecko) Chrome/122.0.0.0 Safari/537.36
2025.04.24 07:41:31 aiogram.event        INFO     Update id=511762142 is handled. Duration 7089 ms by bot id=8095621527
2025.04.24 07:41:49 aiogram.event        INFO     Update id=511762143 is handled. Duration 1 ms by bot id=8095621527
2025.04.24 07:43:04 __main__             INFO     User 7526642047 executed command: /profile
2025.04.24 07:43:04 aiogram.event        INFO     Update id=511762144 is handled. Duration 2 ms by bot id=8095621527
2025.04.24 07:43:48 aiogram.event        INFO     Update id=511762145 is handled. Duration 1 ms by bot id=8095621527
2025.04.24 07:43:51 aiogram.event        INFO     Update id=511762146 is not handled. Duration 1 ms by bot id=8095621527
2025.04.24 07:46:10 aiogram.dispatcher   WARNING  Received SIGINT signal
2025.04.24 07:46:10 aiogram.dispatcher   INFO     Polling stopped for bot @dllmasterbot id=8095621527 - 'DLLMaster 🍊'
2025.04.24 07:46:10 aiogram.dispatcher   INFO     Polling stopped
2025.04.24 07:46:10 __main__             INFO     🛑 Polling stopped
2025.04.24 07:46:10 __main__             INFO     🔴 Bot stopped
2025.04.24 07:46:15 dotenv.main          WARNING  python-dotenv could not parse statement starting at line 5
2025.04.24 07:46:15 __main__             INFO     🤖 Starting bot...
2025.04.24 07:46:15 __main__             INFO     🚀 Starting bot initialization...
2025.04.24 07:46:15 __main__             INFO     ✅ Database initialized successfully
2025.04.24 07:46:15 core.spotify_handler INFO     Spotify API connection established.
2025.04.24 07:46:15 __main__             INFO     ✅ Spotify service initialized
2025.04.24 07:46:15 core.webprofile      INFO     Seçilmiş User-Agent: Mozilla/5.0 (Windows NT 10.0; Win64; x64) AppleWebKit/537.36 (KHTML, like Gecko) Edge/120.0.0.0 Safari/537.36
2025.04.24 07:46:15 core.youtube_handler INFO     firefox brauzerindən cookies istifadə edilir.
2025.04.24 07:46:15 __main__             INFO     ✅ YouTube services initialized (firefox)
2025.04.24 07:46:15 __main__             INFO     🔌 Loading plugins...
2025.04.24 07:46:15 core.utilities       INFO     🔍 Scanning plugins in: plugins
2025.04.24 07:46:15 core.utilities       INFO     🔄 Loading: plugins.spotify_plugin
2025.04.24 07:46:15 core.utilities       INFO     ✅ Loaded (sync): plugins.spotify_plugin
2025.04.24 07:46:15 core.utilities       INFO     🔄 Loading: plugins.menu_plugin
2025.04.24 07:46:15 plugins.menu_plugin  INFO     ✅ Menu plugin yükləndi
2025.04.24 07:46:15 core.utilities       INFO     ✅ Loaded (async): plugins.menu_plugin
2025.04.24 07:46:15 core.utilities       INFO     🔄 Loading: plugins.sudo_plugin
2025.04.24 07:46:15 core.utilities       INFO     ✅ Loaded (sync): plugins.sudo_plugin
2025.04.24 07:46:15 core.utilities       INFO     🔄 Loading: plugins.youtube_plugin
2025.04.24 07:46:15 core.utilities       INFO     ✅ Loaded (sync): plugins.youtube_plugin
2025.04.24 07:46:15 core.utilities       INFO     🔄 Loading: plugins.neofetch_plugin
2025.04.24 07:46:15 core.utilities       INFO     ✅ Loaded (sync): plugins.neofetch_plugin
2025.04.24 07:46:15 core.utilities       INFO     🔄 Loading: plugins.id_command
2025.04.24 07:46:15 plugins.id_command   INFO     ✅ info_command plugin successfully loaded
2025.04.24 07:46:15 core.utilities       INFO     ✅ Loaded (async): plugins.id_command
2025.04.24 07:46:15 core.utilities       INFO     🔄 Loading: plugins.report_plugin
2025.04.24 07:46:15 core.utilities       INFO     ✅ Loaded (async): plugins.report_plugin
2025.04.24 07:46:15 core.utilities       INFO     🔄 Loading: plugins.del_plugin
2025.04.24 07:46:15 core.utilities       INFO     ✅ Loaded (sync): plugins.del_plugin
2025.04.24 07:46:15 core.utilities       INFO     🔄 Loading: plugins.mutagen
2025.04.24 07:46:15 plugins.mutagen      INFO     ✅ Mutagen plugin yükləndi
2025.04.24 07:46:15 core.utilities       INFO     ✅ Loaded (async): plugins.mutagen
2025.04.24 07:46:15 core.utilities       INFO     🔄 Loading: plugins.music_plugin
2025.04.24 07:46:15 core.utilities       INFO     ✅ Loaded (sync): plugins.music_plugin
2025.04.24 07:46:15 core.utilities       INFO     🔄 Loading: plugins.start_plugin
2025.04.24 07:46:15 plugins.start_plugin INFO     ✅ Start plugin yükləndi
2025.04.24 07:46:15 core.utilities       INFO     ✅ Loaded (async): plugins.start_plugin
2025.04.24 07:46:15 core.utilities       INFO     🔄 Loading: plugins.stats_plugin
2025.04.24 07:46:15 core.utilities       INFO     ✅ Loaded (sync): plugins.stats_plugin
2025.04.24 07:46:15 core.utilities       INFO     🔄 Loading: plugins.dir_plugin
2025.04.24 07:46:15 core.utilities       INFO     ✅ Loaded (sync): plugins.dir_plugin
2025.04.24 07:46:15 core.utilities       INFO     🔄 Loading: plugins.broadcast_plugin
2025.04.24 07:46:15 core.utilities       INFO     ✅ Loaded (sync): plugins.broadcast_plugin
2025.04.24 07:46:15 core.utilities       INFO     🔄 Loading: plugins.speedtest_plugin
2025.04.24 07:46:15 core.utilities       INFO     ✅ Loaded (sync): plugins.speedtest_plugin
2025.04.24 07:46:15 core.utilities       INFO     🔄 Loading: plugins.profile
2025.04.24 07:46:15 plugins.profile      INFO     ✅ Profile plugin loaded
2025.04.24 07:46:15 core.utilities       INFO     ✅ Loaded (async): plugins.profile
2025.04.24 07:46:15 core.utilities       INFO     🔄 Loading: plugins.bot_logs
2025.04.24 07:46:15 plugins.bot_logs     INFO     ✅ Logs plugin loaded
2025.04.24 07:46:15 core.utilities       INFO     ✅ Loaded (async): plugins.bot_logs
2025.04.24 07:46:15 __main__             CRITICAL 💥 Fatal error: name 'CommandLoggerMiddleware' is not defined
Traceback (most recent call last):
  File "/home/admin/DLMaster/app.py", line 107, in main
    context.dp.message.middleware(CommandLoggerMiddleware())
                                  ^^^^^^^^^^^^^^^^^^^^^^^
NameError: name 'CommandLoggerMiddleware' is not defined
2025.04.24 07:46:15 __main__             INFO     🔴 Bot stopped
2025.04.24 07:48:03 dotenv.main          WARNING  python-dotenv could not parse statement starting at line 5
2025.04.24 07:48:03 __main__             INFO     🤖 Starting bot...
2025.04.24 07:48:03 __main__             INFO     🚀 Starting bot initialization...
2025.04.24 07:48:03 __main__             INFO     ✅ Database initialized successfully
2025.04.24 07:48:03 core.spotify_handler INFO     Spotify API connection established.
2025.04.24 07:48:03 __main__             INFO     ✅ Spotify service initialized
2025.04.24 07:48:03 core.webprofile      INFO     Seçilmiş User-Agent: Mozilla/5.0 (X11; Ubuntu; Linux x86_64; rv:120.0) Gecko/20100101 Firefox/120.0
2025.04.24 07:48:03 core.youtube_handler INFO     firefox brauzerindən cookies istifadə edilir.
2025.04.24 07:48:03 __main__             INFO     ✅ YouTube services initialized (firefox)
2025.04.24 07:48:03 __main__             INFO     🔌 Loading plugins...
2025.04.24 07:48:03 core.utilities       INFO     🔍 Scanning plugins in: plugins
2025.04.24 07:48:03 core.utilities       INFO     🔄 Loading: plugins.spotify_plugin
2025.04.24 07:48:03 core.utilities       INFO     ✅ Loaded (sync): plugins.spotify_plugin
2025.04.24 07:48:03 core.utilities       INFO     🔄 Loading: plugins.menu_plugin
2025.04.24 07:48:03 plugins.menu_plugin  INFO     ✅ Menu plugin yükləndi
2025.04.24 07:48:03 core.utilities       INFO     ✅ Loaded (async): plugins.menu_plugin
2025.04.24 07:48:03 core.utilities       INFO     🔄 Loading: plugins.sudo_plugin
2025.04.24 07:48:03 core.utilities       INFO     ✅ Loaded (sync): plugins.sudo_plugin
2025.04.24 07:48:03 core.utilities       INFO     🔄 Loading: plugins.youtube_plugin
2025.04.24 07:48:03 core.utilities       INFO     ✅ Loaded (sync): plugins.youtube_plugin
2025.04.24 07:48:03 core.utilities       INFO     🔄 Loading: plugins.neofetch_plugin
2025.04.24 07:48:03 core.utilities       INFO     ✅ Loaded (sync): plugins.neofetch_plugin
2025.04.24 07:48:03 core.utilities       INFO     🔄 Loading: plugins.id_command
2025.04.24 07:48:03 plugins.id_command   INFO     ✅ info_command plugin successfully loaded
2025.04.24 07:48:03 core.utilities       INFO     ✅ Loaded (async): plugins.id_command
2025.04.24 07:48:03 core.utilities       INFO     🔄 Loading: plugins.report_plugin
2025.04.24 07:48:03 core.utilities       INFO     ✅ Loaded (async): plugins.report_plugin
2025.04.24 07:48:03 core.utilities       INFO     🔄 Loading: plugins.del_plugin
2025.04.24 07:48:03 core.utilities       INFO     ✅ Loaded (sync): plugins.del_plugin
2025.04.24 07:48:03 core.utilities       INFO     🔄 Loading: plugins.mutagen
2025.04.24 07:48:03 plugins.mutagen      INFO     ✅ Mutagen plugin yükləndi
2025.04.24 07:48:03 core.utilities       INFO     ✅ Loaded (async): plugins.mutagen
2025.04.24 07:48:03 core.utilities       INFO     🔄 Loading: plugins.music_plugin
2025.04.24 07:48:03 core.utilities       INFO     ✅ Loaded (sync): plugins.music_plugin
2025.04.24 07:48:03 core.utilities       INFO     🔄 Loading: plugins.start_plugin
2025.04.24 07:48:03 plugins.start_plugin INFO     ✅ Start plugin yükləndi
2025.04.24 07:48:03 core.utilities       INFO     ✅ Loaded (async): plugins.start_plugin
2025.04.24 07:48:03 core.utilities       INFO     🔄 Loading: plugins.stats_plugin
2025.04.24 07:48:03 core.utilities       INFO     ✅ Loaded (sync): plugins.stats_plugin
2025.04.24 07:48:03 core.utilities       INFO     🔄 Loading: plugins.dir_plugin
2025.04.24 07:48:03 core.utilities       INFO     ✅ Loaded (sync): plugins.dir_plugin
2025.04.24 07:48:03 core.utilities       INFO     🔄 Loading: plugins.broadcast_plugin
2025.04.24 07:48:03 core.utilities       INFO     ✅ Loaded (sync): plugins.broadcast_plugin
2025.04.24 07:48:03 core.utilities       INFO     🔄 Loading: plugins.speedtest_plugin
2025.04.24 07:48:03 core.utilities       INFO     ✅ Loaded (sync): plugins.speedtest_plugin
2025.04.24 07:48:03 core.utilities       INFO     🔄 Loading: plugins.profile
2025.04.24 07:48:03 plugins.profile      INFO     ✅ Profile plugin loaded
2025.04.24 07:48:03 core.utilities       INFO     ✅ Loaded (async): plugins.profile
2025.04.24 07:48:03 core.utilities       INFO     🔄 Loading: plugins.bot_logs
2025.04.24 07:48:03 plugins.bot_logs     INFO     ✅ Logs plugin loaded
2025.04.24 07:48:03 core.utilities       INFO     ✅ Loaded (async): plugins.bot_logs
2025.04.24 07:48:03 __main__             INFO     🚀 Starting polling...
2025.04.24 07:48:03 aiogram.dispatcher   INFO     Start polling
2025.04.24 07:48:03 aiogram.dispatcher   INFO     Run polling for bot @dllmasterbot id=8095621527 - 'DLLMaster 🍊'
2025.04.24 07:48:07 aiogram.event        INFO     Update id=511762147 is not handled. Duration 2 ms by bot id=8095621527
2025.04.24 07:48:07 aiogram.event        ERROR    Cause exception while process update id=511762147 by bot id=8095621527
NameError: name 'logger' is not defined
Traceback (most recent call last):
  File "/home/admin/.local/lib/python3.11/site-packages/aiogram/dispatcher/dispatcher.py", line 309, in _process_update
    response = await self.feed_update(bot, update, **kwargs)
               ^^^^^^^^^^^^^^^^^^^^^^^^^^^^^^^^^^^^^^^^^^^^^
  File "/home/admin/.local/lib/python3.11/site-packages/aiogram/dispatcher/dispatcher.py", line 158, in feed_update
    response = await self.update.wrap_outer_middleware(
               ^^^^^^^^^^^^^^^^^^^^^^^^^^^^^^^^^^^^^^^^
  File "/home/admin/.local/lib/python3.11/site-packages/aiogram/dispatcher/middlewares/error.py", line 25, in __call__
    return await handler(event, data)
           ^^^^^^^^^^^^^^^^^^^^^^^^^^
  File "/home/admin/.local/lib/python3.11/site-packages/aiogram/dispatcher/middlewares/user_context.py", line 56, in __call__
    return await handler(event, data)
           ^^^^^^^^^^^^^^^^^^^^^^^^^^
  File "/home/admin/.local/lib/python3.11/site-packages/aiogram/fsm/middleware.py", line 42, in __call__
    return await handler(event, data)
           ^^^^^^^^^^^^^^^^^^^^^^^^^^
  File "/home/admin/.local/lib/python3.11/site-packages/aiogram/dispatcher/event/telegram.py", line 121, in trigger
    return await wrapped_inner(event, kwargs)
           ^^^^^^^^^^^^^^^^^^^^^^^^^^^^^^^^^^
  File "/home/admin/.local/lib/python3.11/site-packages/aiogram/dispatcher/event/handler.py", line 43, in call
    return await wrapped()
           ^^^^^^^^^^^^^^^
  File "/home/admin/.local/lib/python3.11/site-packages/aiogram/dispatcher/dispatcher.py", line 276, in _listen_update
    return await self.propagate_event(update_type=update_type, event=event, **kwargs)
           ^^^^^^^^^^^^^^^^^^^^^^^^^^^^^^^^^^^^^^^^^^^^^^^^^^^^^^^^^^^^^^^^^^^^^^^^^^
  File "/home/admin/.local/lib/python3.11/site-packages/aiogram/dispatcher/router.py", line 146, in propagate_event
    return await observer.wrap_outer_middleware(_wrapped, event=event, data=kwargs)
           ^^^^^^^^^^^^^^^^^^^^^^^^^^^^^^^^^^^^^^^^^^^^^^^^^^^^^^^^^^^^^^^^^^^^^^^^
  File "/home/admin/.local/lib/python3.11/site-packages/aiogram/dispatcher/router.py", line 141, in _wrapped
    return await self._propagate_event(
           ^^^^^^^^^^^^^^^^^^^^^^^^^^^^
  File "/home/admin/.local/lib/python3.11/site-packages/aiogram/dispatcher/router.py", line 174, in _propagate_event
    response = await router.propagate_event(update_type=update_type, event=event, **kwargs)
               ^^^^^^^^^^^^^^^^^^^^^^^^^^^^^^^^^^^^^^^^^^^^^^^^^^^^^^^^^^^^^^^^^^^^^^^^^^^^
  File "/home/admin/.local/lib/python3.11/site-packages/aiogram/dispatcher/router.py", line 146, in propagate_event
    return await observer.wrap_outer_middleware(_wrapped, event=event, data=kwargs)
           ^^^^^^^^^^^^^^^^^^^^^^^^^^^^^^^^^^^^^^^^^^^^^^^^^^^^^^^^^^^^^^^^^^^^^^^^
  File "/home/admin/.local/lib/python3.11/site-packages/aiogram/dispatcher/router.py", line 141, in _wrapped
    return await self._propagate_event(
           ^^^^^^^^^^^^^^^^^^^^^^^^^^^^
  File "/home/admin/.local/lib/python3.11/site-packages/aiogram/dispatcher/router.py", line 174, in _propagate_event
    response = await router.propagate_event(update_type=update_type, event=event, **kwargs)
               ^^^^^^^^^^^^^^^^^^^^^^^^^^^^^^^^^^^^^^^^^^^^^^^^^^^^^^^^^^^^^^^^^^^^^^^^^^^^
  File "/home/admin/.local/lib/python3.11/site-packages/aiogram/dispatcher/router.py", line 146, in propagate_event
    return await observer.wrap_outer_middleware(_wrapped, event=event, data=kwargs)
           ^^^^^^^^^^^^^^^^^^^^^^^^^^^^^^^^^^^^^^^^^^^^^^^^^^^^^^^^^^^^^^^^^^^^^^^^
  File "/home/admin/.local/lib/python3.11/site-packages/aiogram/dispatcher/router.py", line 141, in _wrapped
    return await self._propagate_event(
           ^^^^^^^^^^^^^^^^^^^^^^^^^^^^
  File "/home/admin/.local/lib/python3.11/site-packages/aiogram/dispatcher/router.py", line 166, in _propagate_event
    response = await observer.trigger(event, **kwargs)
               ^^^^^^^^^^^^^^^^^^^^^^^^^^^^^^^^^^^^^^^
  File "/home/admin/.local/lib/python3.11/site-packages/aiogram/dispatcher/event/telegram.py", line 121, in trigger
    return await wrapped_inner(event, kwargs)
           ^^^^^^^^^^^^^^^^^^^^^^^^^^^^^^^^^^
  File "/home/admin/DLMaster/core/logger.py", line 86, in __call__
    logger.info(f"User {event.from_user.id} executed command: {event.text}")
    ^^^^^^
NameError: name 'logger' is not defined
2025.04.24 07:48:09 aiogram.event        INFO     Update id=511762148 is not handled. Duration 1 ms by bot id=8095621527
2025.04.24 07:48:09 aiogram.event        ERROR    Cause exception while process update id=511762148 by bot id=8095621527
NameError: name 'logger' is not defined
Traceback (most recent call last):
  File "/home/admin/.local/lib/python3.11/site-packages/aiogram/dispatcher/dispatcher.py", line 309, in _process_update
    response = await self.feed_update(bot, update, **kwargs)
               ^^^^^^^^^^^^^^^^^^^^^^^^^^^^^^^^^^^^^^^^^^^^^
  File "/home/admin/.local/lib/python3.11/site-packages/aiogram/dispatcher/dispatcher.py", line 158, in feed_update
    response = await self.update.wrap_outer_middleware(
               ^^^^^^^^^^^^^^^^^^^^^^^^^^^^^^^^^^^^^^^^
  File "/home/admin/.local/lib/python3.11/site-packages/aiogram/dispatcher/middlewares/error.py", line 25, in __call__
    return await handler(event, data)
           ^^^^^^^^^^^^^^^^^^^^^^^^^^
  File "/home/admin/.local/lib/python3.11/site-packages/aiogram/dispatcher/middlewares/user_context.py", line 56, in __call__
    return await handler(event, data)
           ^^^^^^^^^^^^^^^^^^^^^^^^^^
  File "/home/admin/.local/lib/python3.11/site-packages/aiogram/fsm/middleware.py", line 42, in __call__
    return await handler(event, data)
           ^^^^^^^^^^^^^^^^^^^^^^^^^^
  File "/home/admin/.local/lib/python3.11/site-packages/aiogram/dispatcher/event/telegram.py", line 121, in trigger
    return await wrapped_inner(event, kwargs)
           ^^^^^^^^^^^^^^^^^^^^^^^^^^^^^^^^^^
  File "/home/admin/.local/lib/python3.11/site-packages/aiogram/dispatcher/event/handler.py", line 43, in call
    return await wrapped()
           ^^^^^^^^^^^^^^^
  File "/home/admin/.local/lib/python3.11/site-packages/aiogram/dispatcher/dispatcher.py", line 276, in _listen_update
    return await self.propagate_event(update_type=update_type, event=event, **kwargs)
           ^^^^^^^^^^^^^^^^^^^^^^^^^^^^^^^^^^^^^^^^^^^^^^^^^^^^^^^^^^^^^^^^^^^^^^^^^^
  File "/home/admin/.local/lib/python3.11/site-packages/aiogram/dispatcher/router.py", line 146, in propagate_event
    return await observer.wrap_outer_middleware(_wrapped, event=event, data=kwargs)
           ^^^^^^^^^^^^^^^^^^^^^^^^^^^^^^^^^^^^^^^^^^^^^^^^^^^^^^^^^^^^^^^^^^^^^^^^
  File "/home/admin/.local/lib/python3.11/site-packages/aiogram/dispatcher/router.py", line 141, in _wrapped
    return await self._propagate_event(
           ^^^^^^^^^^^^^^^^^^^^^^^^^^^^
  File "/home/admin/.local/lib/python3.11/site-packages/aiogram/dispatcher/router.py", line 174, in _propagate_event
    response = await router.propagate_event(update_type=update_type, event=event, **kwargs)
               ^^^^^^^^^^^^^^^^^^^^^^^^^^^^^^^^^^^^^^^^^^^^^^^^^^^^^^^^^^^^^^^^^^^^^^^^^^^^
  File "/home/admin/.local/lib/python3.11/site-packages/aiogram/dispatcher/router.py", line 146, in propagate_event
    return await observer.wrap_outer_middleware(_wrapped, event=event, data=kwargs)
           ^^^^^^^^^^^^^^^^^^^^^^^^^^^^^^^^^^^^^^^^^^^^^^^^^^^^^^^^^^^^^^^^^^^^^^^^
  File "/home/admin/.local/lib/python3.11/site-packages/aiogram/dispatcher/router.py", line 141, in _wrapped
    return await self._propagate_event(
           ^^^^^^^^^^^^^^^^^^^^^^^^^^^^
  File "/home/admin/.local/lib/python3.11/site-packages/aiogram/dispatcher/router.py", line 174, in _propagate_event
    response = await router.propagate_event(update_type=update_type, event=event, **kwargs)
               ^^^^^^^^^^^^^^^^^^^^^^^^^^^^^^^^^^^^^^^^^^^^^^^^^^^^^^^^^^^^^^^^^^^^^^^^^^^^
  File "/home/admin/.local/lib/python3.11/site-packages/aiogram/dispatcher/router.py", line 146, in propagate_event
    return await observer.wrap_outer_middleware(_wrapped, event=event, data=kwargs)
           ^^^^^^^^^^^^^^^^^^^^^^^^^^^^^^^^^^^^^^^^^^^^^^^^^^^^^^^^^^^^^^^^^^^^^^^^
  File "/home/admin/.local/lib/python3.11/site-packages/aiogram/dispatcher/router.py", line 141, in _wrapped
    return await self._propagate_event(
           ^^^^^^^^^^^^^^^^^^^^^^^^^^^^
  File "/home/admin/.local/lib/python3.11/site-packages/aiogram/dispatcher/router.py", line 166, in _propagate_event
    response = await observer.trigger(event, **kwargs)
               ^^^^^^^^^^^^^^^^^^^^^^^^^^^^^^^^^^^^^^^
  File "/home/admin/.local/lib/python3.11/site-packages/aiogram/dispatcher/event/telegram.py", line 121, in trigger
    return await wrapped_inner(event, kwargs)
           ^^^^^^^^^^^^^^^^^^^^^^^^^^^^^^^^^^
  File "/home/admin/DLMaster/core/logger.py", line 86, in __call__
    logger.info(f"User {event.from_user.id} executed command: {event.text}")
    ^^^^^^
NameError: name 'logger' is not defined
2025.04.24 07:48:11 aiogram.event        INFO     Update id=511762149 is not handled. Duration 1 ms by bot id=8095621527
2025.04.24 07:48:11 aiogram.event        ERROR    Cause exception while process update id=511762149 by bot id=8095621527
NameError: name 'logger' is not defined
Traceback (most recent call last):
  File "/home/admin/.local/lib/python3.11/site-packages/aiogram/dispatcher/dispatcher.py", line 309, in _process_update
    response = await self.feed_update(bot, update, **kwargs)
               ^^^^^^^^^^^^^^^^^^^^^^^^^^^^^^^^^^^^^^^^^^^^^
  File "/home/admin/.local/lib/python3.11/site-packages/aiogram/dispatcher/dispatcher.py", line 158, in feed_update
    response = await self.update.wrap_outer_middleware(
               ^^^^^^^^^^^^^^^^^^^^^^^^^^^^^^^^^^^^^^^^
  File "/home/admin/.local/lib/python3.11/site-packages/aiogram/dispatcher/middlewares/error.py", line 25, in __call__
    return await handler(event, data)
           ^^^^^^^^^^^^^^^^^^^^^^^^^^
  File "/home/admin/.local/lib/python3.11/site-packages/aiogram/dispatcher/middlewares/user_context.py", line 56, in __call__
    return await handler(event, data)
           ^^^^^^^^^^^^^^^^^^^^^^^^^^
  File "/home/admin/.local/lib/python3.11/site-packages/aiogram/fsm/middleware.py", line 42, in __call__
    return await handler(event, data)
           ^^^^^^^^^^^^^^^^^^^^^^^^^^
  File "/home/admin/.local/lib/python3.11/site-packages/aiogram/dispatcher/event/telegram.py", line 121, in trigger
    return await wrapped_inner(event, kwargs)
           ^^^^^^^^^^^^^^^^^^^^^^^^^^^^^^^^^^
  File "/home/admin/.local/lib/python3.11/site-packages/aiogram/dispatcher/event/handler.py", line 43, in call
    return await wrapped()
           ^^^^^^^^^^^^^^^
  File "/home/admin/.local/lib/python3.11/site-packages/aiogram/dispatcher/dispatcher.py", line 276, in _listen_update
    return await self.propagate_event(update_type=update_type, event=event, **kwargs)
           ^^^^^^^^^^^^^^^^^^^^^^^^^^^^^^^^^^^^^^^^^^^^^^^^^^^^^^^^^^^^^^^^^^^^^^^^^^
  File "/home/admin/.local/lib/python3.11/site-packages/aiogram/dispatcher/router.py", line 146, in propagate_event
    return await observer.wrap_outer_middleware(_wrapped, event=event, data=kwargs)
           ^^^^^^^^^^^^^^^^^^^^^^^^^^^^^^^^^^^^^^^^^^^^^^^^^^^^^^^^^^^^^^^^^^^^^^^^
  File "/home/admin/.local/lib/python3.11/site-packages/aiogram/dispatcher/router.py", line 141, in _wrapped
    return await self._propagate_event(
           ^^^^^^^^^^^^^^^^^^^^^^^^^^^^
  File "/home/admin/.local/lib/python3.11/site-packages/aiogram/dispatcher/router.py", line 174, in _propagate_event
    response = await router.propagate_event(update_type=update_type, event=event, **kwargs)
               ^^^^^^^^^^^^^^^^^^^^^^^^^^^^^^^^^^^^^^^^^^^^^^^^^^^^^^^^^^^^^^^^^^^^^^^^^^^^
  File "/home/admin/.local/lib/python3.11/site-packages/aiogram/dispatcher/router.py", line 146, in propagate_event
    return await observer.wrap_outer_middleware(_wrapped, event=event, data=kwargs)
           ^^^^^^^^^^^^^^^^^^^^^^^^^^^^^^^^^^^^^^^^^^^^^^^^^^^^^^^^^^^^^^^^^^^^^^^^
  File "/home/admin/.local/lib/python3.11/site-packages/aiogram/dispatcher/router.py", line 141, in _wrapped
    return await self._propagate_event(
           ^^^^^^^^^^^^^^^^^^^^^^^^^^^^
  File "/home/admin/.local/lib/python3.11/site-packages/aiogram/dispatcher/router.py", line 174, in _propagate_event
    response = await router.propagate_event(update_type=update_type, event=event, **kwargs)
               ^^^^^^^^^^^^^^^^^^^^^^^^^^^^^^^^^^^^^^^^^^^^^^^^^^^^^^^^^^^^^^^^^^^^^^^^^^^^
  File "/home/admin/.local/lib/python3.11/site-packages/aiogram/dispatcher/router.py", line 146, in propagate_event
    return await observer.wrap_outer_middleware(_wrapped, event=event, data=kwargs)
           ^^^^^^^^^^^^^^^^^^^^^^^^^^^^^^^^^^^^^^^^^^^^^^^^^^^^^^^^^^^^^^^^^^^^^^^^
  File "/home/admin/.local/lib/python3.11/site-packages/aiogram/dispatcher/router.py", line 141, in _wrapped
    return await self._propagate_event(
           ^^^^^^^^^^^^^^^^^^^^^^^^^^^^
  File "/home/admin/.local/lib/python3.11/site-packages/aiogram/dispatcher/router.py", line 166, in _propagate_event
    response = await observer.trigger(event, **kwargs)
               ^^^^^^^^^^^^^^^^^^^^^^^^^^^^^^^^^^^^^^^
  File "/home/admin/.local/lib/python3.11/site-packages/aiogram/dispatcher/event/telegram.py", line 121, in trigger
    return await wrapped_inner(event, kwargs)
           ^^^^^^^^^^^^^^^^^^^^^^^^^^^^^^^^^^
  File "/home/admin/DLMaster/core/logger.py", line 86, in __call__
    logger.info(f"User {event.from_user.id} executed command: {event.text}")
    ^^^^^^
NameError: name 'logger' is not defined
2025.04.24 07:51:45 aiogram.dispatcher   WARNING  Received SIGINT signal
2025.04.24 07:51:45 aiogram.dispatcher   INFO     Polling stopped for bot @dllmasterbot id=8095621527 - 'DLLMaster 🍊'
2025.04.24 07:51:45 aiogram.dispatcher   INFO     Polling stopped
2025.04.24 07:51:45 __main__             INFO     🛑 Polling stopped
2025.04.24 07:51:45 __main__             INFO     🔴 Bot stopped
2025.04.24 07:51:49 dotenv.main          WARNING  python-dotenv could not parse statement starting at line 5
2025.04.24 07:51:49 __main__             INFO     🤖 Starting bot...
2025.04.24 07:51:49 __main__             INFO     🚀 Starting bot initialization...
2025.04.24 07:51:49 __main__             INFO     ✅ Database initialized successfully
2025.04.24 07:51:49 core.spotify_handler INFO     Spotify API connection established.
2025.04.24 07:51:49 __main__             INFO     ✅ Spotify service initialized
2025.04.24 07:51:49 core.webprofile      INFO     Seçilmiş User-Agent: Mozilla/5.0 (Windows NT 10.0; Win64; x64; rv:120.0) Gecko/20100101 Firefox/120.0
2025.04.24 07:51:49 core.youtube_handler INFO     firefox brauzerindən cookies istifadə edilir.
2025.04.24 07:51:49 __main__             INFO     ✅ YouTube services initialized (firefox)
2025.04.24 07:51:49 __main__             INFO     🔌 Loading plugins...
2025.04.24 07:51:49 core.utilities       INFO     🔍 Scanning plugins in: plugins
2025.04.24 07:51:49 core.utilities       INFO     🔄 Loading: plugins.spotify_plugin
2025.04.24 07:51:49 core.utilities       INFO     ✅ Loaded (sync): plugins.spotify_plugin
2025.04.24 07:51:49 core.utilities       INFO     🔄 Loading: plugins.menu_plugin
2025.04.24 07:51:49 plugins.menu_plugin  INFO     ✅ Menu plugin yükləndi
2025.04.24 07:51:49 core.utilities       INFO     ✅ Loaded (async): plugins.menu_plugin
2025.04.24 07:51:49 core.utilities       INFO     🔄 Loading: plugins.sudo_plugin
2025.04.24 07:51:49 core.utilities       INFO     ✅ Loaded (sync): plugins.sudo_plugin
2025.04.24 07:51:49 core.utilities       INFO     🔄 Loading: plugins.youtube_plugin
2025.04.24 07:51:49 core.utilities       INFO     ✅ Loaded (sync): plugins.youtube_plugin
2025.04.24 07:51:49 core.utilities       INFO     🔄 Loading: plugins.neofetch_plugin
2025.04.24 07:51:49 core.utilities       INFO     ✅ Loaded (sync): plugins.neofetch_plugin
2025.04.24 07:51:49 core.utilities       INFO     🔄 Loading: plugins.id_command
2025.04.24 07:51:49 plugins.id_command   INFO     ✅ info_command plugin successfully loaded
2025.04.24 07:51:49 core.utilities       INFO     ✅ Loaded (async): plugins.id_command
2025.04.24 07:51:49 core.utilities       INFO     🔄 Loading: plugins.report_plugin
2025.04.24 07:51:49 core.utilities       INFO     ✅ Loaded (async): plugins.report_plugin
2025.04.24 07:51:49 core.utilities       INFO     🔄 Loading: plugins.del_plugin
2025.04.24 07:51:49 core.utilities       INFO     ✅ Loaded (sync): plugins.del_plugin
2025.04.24 07:51:49 core.utilities       INFO     🔄 Loading: plugins.mutagen
2025.04.24 07:51:49 plugins.mutagen      INFO     ✅ Mutagen plugin yükləndi
2025.04.24 07:51:49 core.utilities       INFO     ✅ Loaded (async): plugins.mutagen
2025.04.24 07:51:49 core.utilities       INFO     🔄 Loading: plugins.music_plugin
2025.04.24 07:51:49 core.utilities       INFO     ✅ Loaded (sync): plugins.music_plugin
2025.04.24 07:51:49 core.utilities       INFO     🔄 Loading: plugins.start_plugin
2025.04.24 07:51:49 plugins.start_plugin INFO     ✅ Start plugin yükləndi
2025.04.24 07:51:49 core.utilities       INFO     ✅ Loaded (async): plugins.start_plugin
2025.04.24 07:51:49 core.utilities       INFO     🔄 Loading: plugins.stats_plugin
2025.04.24 07:51:49 core.utilities       INFO     ✅ Loaded (sync): plugins.stats_plugin
2025.04.24 07:51:49 core.utilities       INFO     🔄 Loading: plugins.dir_plugin
2025.04.24 07:51:49 core.utilities       INFO     ✅ Loaded (sync): plugins.dir_plugin
2025.04.24 07:51:49 core.utilities       INFO     🔄 Loading: plugins.broadcast_plugin
2025.04.24 07:51:49 core.utilities       INFO     ✅ Loaded (sync): plugins.broadcast_plugin
2025.04.24 07:51:49 core.utilities       INFO     🔄 Loading: plugins.speedtest_plugin
2025.04.24 07:51:49 core.utilities       INFO     ✅ Loaded (sync): plugins.speedtest_plugin
2025.04.24 07:51:49 core.utilities       INFO     🔄 Loading: plugins.profile
2025.04.24 07:51:49 plugins.profile      INFO     ✅ Profile plugin loaded
2025.04.24 07:51:49 core.utilities       INFO     ✅ Loaded (async): plugins.profile
2025.04.24 07:51:49 core.utilities       INFO     🔄 Loading: plugins.bot_logs
2025.04.24 07:51:49 plugins.bot_logs     INFO     ✅ Logs plugin loaded
2025.04.24 07:51:49 core.utilities       INFO     ✅ Loaded (async): plugins.bot_logs
2025.04.24 07:51:49 __main__             INFO     🚀 Starting polling...
2025.04.24 07:51:49 aiogram.dispatcher   INFO     Start polling
2025.04.24 07:51:49 aiogram.dispatcher   INFO     Run polling for bot @dllmasterbot id=8095621527 - 'DLLMaster 🍊'
2025.04.24 07:51:53 core.utilities       INFO     User 7526642047 executed command: /menu
2025.04.24 07:51:53 aiogram.event        INFO     Update id=511762150 is handled. Duration 68 ms by bot id=8095621527
2025.04.24 07:53:05 aiogram.event        INFO     Update id=511762151 is not handled. Duration 1 ms by bot id=8095621527
2025.04.24 08:09:27 aiogram.event        INFO     Update id=511762152 is handled. Duration 1 ms by bot id=8095621527
2025.04.24 08:11:23 aiogram.event        INFO     Update id=511762153 is not handled. Duration 2 ms by bot id=8095621527
2025.04.24 08:12:04 aiogram.event        INFO     Update id=511762154 is handled. Duration 1 ms by bot id=8095621527
2025.04.24 08:12:32 aiogram.event        INFO     Update id=511762155 is handled. Duration 1 ms by bot id=8095621527
2025.04.24 08:40:44 aiogram.event        INFO     Update id=511762156 is handled. Duration 3 ms by bot id=8095621527
2025.04.24 08:40:46 aiogram.event        INFO     Update id=511762157 is handled. Duration 1 ms by bot id=8095621527
2025.04.24 08:43:11 aiogram.event        INFO     Update id=511762158 is handled. Duration 1 ms by bot id=8095621527
2025.04.24 08:43:12 aiogram.event        INFO     Update id=511762159 is handled. Duration 1 ms by bot id=8095621527
2025.04.24 08:43:38 aiogram.event        INFO     Update id=511762160 is handled. Duration 95 ms by bot id=8095621527
2025.04.24 08:43:38 aiogram.event        INFO     Update id=511762161 is handled. Duration 96 ms by bot id=8095621527
2025.04.24 08:43:38 aiogram.event        INFO     Update id=511762162 is handled. Duration 96 ms by bot id=8095621527
2025.04.24 08:43:38 aiogram.event        INFO     Update id=511762163 is handled. Duration 95 ms by bot id=8095621527
2025.04.24 08:43:38 aiogram.event        INFO     Update id=511762164 is handled. Duration 10 ms by bot id=8095621527
2025.04.24 08:43:38 aiogram.event        INFO     Update id=511762165 is handled. Duration 10 ms by bot id=8095621527
2025.04.24 08:43:38 aiogram.event        INFO     Update id=511762166 is handled. Duration 10 ms by bot id=8095621527
2025.04.24 08:43:38 aiogram.event        INFO     Update id=511762167 is handled. Duration 10 ms by bot id=8095621527
2025.04.24 08:43:38 aiogram.event        INFO     Update id=511762168 is handled. Duration 10 ms by bot id=8095621527
2025.04.24 08:43:38 aiogram.event        INFO     Update id=511762169 is handled. Duration 10 ms by bot id=8095621527
2025.04.24 08:43:38 aiogram.event        INFO     Update id=511762170 is handled. Duration 10 ms by bot id=8095621527
2025.04.24 08:43:38 aiogram.event        INFO     Update id=511762171 is handled. Duration 10 ms by bot id=8095621527
2025.04.24 08:43:38 aiogram.event        INFO     Update id=511762172 is handled. Duration 9 ms by bot id=8095621527
2025.04.24 08:43:38 aiogram.event        INFO     Update id=511762173 is handled. Duration 9 ms by bot id=8095621527
2025.04.24 08:43:38 aiogram.event        INFO     Update id=511762174 is handled. Duration 10 ms by bot id=8095621527
2025.04.24 08:43:38 aiogram.event        INFO     Update id=511762175 is handled. Duration 10 ms by bot id=8095621527
2025.04.24 08:48:24 aiogram.event        INFO     Update id=511762176 is handled. Duration 1 ms by bot id=8095621527
2025.04.24 08:48:28 aiogram.event        INFO     Update id=511762177 is handled. Duration 1 ms by bot id=8095621527
2025.04.24 08:51:46 aiogram.event        INFO     Update id=511762178 is handled. Duration 1 ms by bot id=8095621527
2025.04.24 08:53:34 aiogram.event        INFO     Update id=511762179 is handled. Duration 3 ms by bot id=8095621527
2025.04.24 08:53:34 aiogram.event        INFO     Update id=511762180 is handled. Duration 3 ms by bot id=8095621527
2025.04.24 08:53:34 aiogram.event        INFO     Update id=511762181 is handled. Duration 3 ms by bot id=8095621527
2025.04.24 08:53:34 aiogram.event        INFO     Update id=511762182 is handled. Duration 3 ms by bot id=8095621527
2025.04.24 08:53:35 aiogram.event        INFO     Update id=511762183 is handled. Duration 2 ms by bot id=8095621527
2025.04.24 08:53:35 aiogram.event        INFO     Update id=511762184 is handled. Duration 2 ms by bot id=8095621527
2025.04.24 08:53:35 aiogram.event        INFO     Update id=511762185 is handled. Duration 3 ms by bot id=8095621527
2025.04.24 08:53:35 aiogram.event        INFO     Update id=511762186 is handled. Duration 3 ms by bot id=8095621527
2025.04.24 08:57:43 aiogram.event        INFO     Update id=511762187 is handled. Duration 1 ms by bot id=8095621527
2025.04.24 08:58:34 aiogram.event        INFO     Update id=511762188 is handled. Duration 1 ms by bot id=8095621527
2025.04.24 08:59:00 aiogram.event        INFO     Update id=511762189 is handled. Duration 1 ms by bot id=8095621527
2025.04.24 08:59:18 aiogram.event        INFO     Update id=511762190 is handled. Duration 1 ms by bot id=8095621527
2025.04.24 08:59:32 aiogram.event        INFO     Update id=511762191 is handled. Duration 1 ms by bot id=8095621527
2025.04.24 08:59:45 aiogram.event        INFO     Update id=511762192 is handled. Duration 1 ms by bot id=8095621527
2025.04.24 09:00:25 aiogram.event        INFO     Update id=511762193 is handled. Duration 1 ms by bot id=8095621527
2025.04.24 09:00:44 aiogram.event        INFO     Update id=511762194 is handled. Duration 1 ms by bot id=8095621527
2025.04.24 09:00:51 aiogram.event        INFO     Update id=511762195 is handled. Duration 1 ms by bot id=8095621527
2025.04.24 09:00:59 aiogram.event        INFO     Update id=511762196 is handled. Duration 1 ms by bot id=8095621527
2025.04.24 09:01:25 aiogram.event        INFO     Update id=511762197 is handled. Duration 1 ms by bot id=8095621527
2025.04.24 09:01:32 aiogram.event        INFO     Update id=511762198 is handled. Duration 1 ms by bot id=8095621527
2025.04.24 09:01:53 aiogram.event        INFO     Update id=511762199 is handled. Duration 1 ms by bot id=8095621527
2025.04.24 09:01:58 aiogram.event        INFO     Update id=511762200 is handled. Duration 1 ms by bot id=8095621527
2025.04.24 09:02:04 aiogram.event        INFO     Update id=511762201 is handled. Duration 1 ms by bot id=8095621527
2025.04.24 09:02:29 aiogram.event        INFO     Update id=511762202 is handled. Duration 1 ms by bot id=8095621527
2025.04.24 09:02:50 aiogram.event        INFO     Update id=511762203 is handled. Duration 1 ms by bot id=8095621527
2025.04.24 09:05:43 aiogram.event        INFO     Update id=511762204 is handled. Duration 1 ms by bot id=8095621527
2025.04.24 09:05:44 aiogram.event        INFO     Update id=511762205 is handled. Duration 1 ms by bot id=8095621527
2025.04.24 09:05:51 aiogram.event        INFO     Update id=511762206 is handled. Duration 1 ms by bot id=8095621527
2025.04.24 09:06:06 aiogram.event        INFO     Update id=511762207 is handled. Duration 1 ms by bot id=8095621527
2025.04.24 09:06:13 aiogram.event        INFO     Update id=511762208 is handled. Duration 1 ms by bot id=8095621527
2025.04.24 09:14:04 aiogram.event        INFO     Update id=511762209 is handled. Duration 1 ms by bot id=8095621527
2025.04.24 09:19:50 aiogram.event        INFO     Update id=511762210 is handled. Duration 1 ms by bot id=8095621527
2025.04.24 09:20:34 aiogram.event        INFO     Update id=511762211 is handled. Duration 1 ms by bot id=8095621527
2025.04.24 09:30:18 aiogram.event        INFO     Update id=511762212 is handled. Duration 1 ms by bot id=8095621527
2025.04.24 09:30:23 aiogram.event        INFO     Update id=511762213 is handled. Duration 1 ms by bot id=8095621527
2025.04.24 09:31:24 aiogram.event        INFO     Update id=511762214 is handled. Duration 1 ms by bot id=8095621527
2025.04.24 09:31:26 aiogram.event        INFO     Update id=511762215 is handled. Duration 1 ms by bot id=8095621527
2025.04.24 09:32:28 aiogram.event        INFO     Update id=511762216 is handled. Duration 1 ms by bot id=8095621527
2025.04.24 09:32:37 aiogram.event        INFO     Update id=511762217 is handled. Duration 1 ms by bot id=8095621527
2025.04.24 09:37:04 aiogram.event        INFO     Update id=511762218 is handled. Duration 1 ms by bot id=8095621527
2025.04.24 09:37:06 aiogram.event        INFO     Update id=511762219 is handled. Duration 1 ms by bot id=8095621527
2025.04.24 09:39:16 aiogram.event        INFO     Update id=511762220 is handled. Duration 1 ms by bot id=8095621527
2025.04.24 09:42:36 aiogram.event        INFO     Update id=511762221 is handled. Duration 1 ms by bot id=8095621527
2025.04.24 09:43:14 aiogram.event        INFO     Update id=511762222 is handled. Duration 1 ms by bot id=8095621527
2025.04.24 09:43:46 aiogram.event        INFO     Update id=511762223 is handled. Duration 1 ms by bot id=8095621527
2025.04.24 09:43:52 aiogram.event        INFO     Update id=511762224 is handled. Duration 1 ms by bot id=8095621527
